Archive member included because of file (symbol)

C:\Users\user\AppData\Local\V.Micro\Arduino\Builds\MapleWatering\Ardunio_STM32_mapleMini/core.a(exc.S.o)
                              (__exc_hardfault)
C:\Users\user\AppData\Local\V.Micro\Arduino\Builds\MapleWatering\Ardunio_STM32_mapleMini/core.a(isrs.S.o)
                              (__stm32reservedexception7)
C:\Users\user\AppData\Local\V.Micro\Arduino\Builds\MapleWatering\Ardunio_STM32_mapleMini/core.a(vector_table.S.o)
                              (__stm32_vector_table)
C:\Users\user\AppData\Local\V.Micro\Arduino\Builds\MapleWatering\Ardunio_STM32_mapleMini/core.a(systick.c.o)
                              C:\Users\user\AppData\Local\V.Micro\Arduino\Builds\MapleWatering\Ardunio_STM32_mapleMini\FS.cpp.o (systick_uptime_millis)
C:\Users\user\AppData\Local\V.Micro\Arduino\Builds\MapleWatering\Ardunio_STM32_mapleMini/core.a(timer.c.o)
                              (__irq_tim2)
C:\Users\user\AppData\Local\V.Micro\Arduino\Builds\MapleWatering\Ardunio_STM32_mapleMini/core.a(util.c.o)
                              C:\Users\user\AppData\Local\V.Micro\Arduino\Builds\MapleWatering\Ardunio_STM32_mapleMini/core.a(exc.S.o) (__error)
C:\Users\user\AppData\Local\V.Micro\Arduino\Builds\MapleWatering\Ardunio_STM32_mapleMini/core.a(cxxabi-compat.cpp.o)
                              C:\Users\user\AppData\Local\V.Micro\Arduino\Builds\MapleWatering\Ardunio_STM32_mapleMini\Adafruit_GFX.cpp.o (__cxa_pure_virtual)
C:\Users\user\AppData\Local\V.Micro\Arduino\Builds\MapleWatering\Ardunio_STM32_mapleMini/core.a(main.cpp.o)
                              (main)
C:\Users\user\AppData\Local\V.Micro\Arduino\Builds\MapleWatering\Ardunio_STM32_mapleMini/core.a(Print.cpp.o)
                              C:\Users\user\AppData\Local\V.Micro\Arduino\Builds\MapleWatering\Ardunio_STM32_mapleMini\Adafruit_GFX.cpp.o (Print::write(char const*))
C:\Users\user\AppData\Local\V.Micro\Arduino\Builds\MapleWatering\Ardunio_STM32_mapleMini/core.a(usb_serial.cpp.o)
                              C:\Users\user\AppData\Local\V.Micro\Arduino\Builds\MapleWatering\Ardunio_STM32_mapleMini\MapleWatering.cpp.o (USBSerial::begin(unsigned long))
C:\Users\user\AppData\Local\V.Micro\Arduino\Builds\MapleWatering\Ardunio_STM32_mapleMini/core.a(wirish_analog.cpp.o)
                              C:\Users\user\AppData\Local\V.Micro\Arduino\Builds\MapleWatering\Ardunio_STM32_mapleMini\TouchScreen.cpp.o (analogRead(unsigned char))
C:\Users\user\AppData\Local\V.Micro\Arduino\Builds\MapleWatering\Ardunio_STM32_mapleMini/core.a(wirish_digital.cpp.o)
                              C:\Users\user\AppData\Local\V.Micro\Arduino\Builds\MapleWatering\Ardunio_STM32_mapleMini\measure.cpp.o (digitalWrite(unsigned char, unsigned char))
C:\Users\user\AppData\Local\V.Micro\Arduino\Builds\MapleWatering\Ardunio_STM32_mapleMini/core.a(wirish_time.cpp.o)
                              C:\Users\user\AppData\Local\V.Micro\Arduino\Builds\MapleWatering\Ardunio_STM32_mapleMini\TFT.cpp.o (delay(unsigned long))
C:\Users\user\AppData\Local\V.Micro\Arduino\Builds\MapleWatering\Ardunio_STM32_mapleMini/core.a(wirish_digital_f1.cpp.o)
                              C:\Users\user\AppData\Local\V.Micro\Arduino\Builds\MapleWatering\Ardunio_STM32_mapleMini\MapleWatering.cpp.o (pinMode(unsigned char, WiringPinMode))
C:\Users\user\AppData\Local\V.Micro\Arduino\Builds\MapleWatering\Ardunio_STM32_mapleMini/core.a(start.S.o)
                              (__start__)
C:\Users\user\AppData\Local\V.Micro\Arduino\Builds\MapleWatering\Ardunio_STM32_mapleMini/core.a(start_c.c.o)
                              (start_c)
C:\Users\user\AppData\Local\V.Micro\Arduino\Builds\MapleWatering\Ardunio_STM32_mapleMini/core.a(board.cpp.o)
                              C:\Users\user\AppData\Local\V.Micro\Arduino\Builds\MapleWatering\Ardunio_STM32_mapleMini\TFT.cpp.o (PIN_MAP)
C:\Users\user\AppData\Local\V.Micro\Arduino\Builds\MapleWatering\Ardunio_STM32_mapleMini/core.a(boards.cpp.o)
                              C:\Users\user\AppData\Local\V.Micro\Arduino\Builds\MapleWatering\Ardunio_STM32_mapleMini/core.a(main.cpp.o) (init())
C:\Users\user\AppData\Local\V.Micro\Arduino\Builds\MapleWatering\Ardunio_STM32_mapleMini/core.a(boards_setup.cpp.o)
                              C:\Users\user\AppData\Local\V.Micro\Arduino\Builds\MapleWatering\Ardunio_STM32_mapleMini/core.a(boards.cpp.o) (wirish::priv::board_reset_pll())
C:\Users\user\AppData\Local\V.Micro\Arduino\Builds\MapleWatering\Ardunio_STM32_mapleMini/core.a(adc.c.o)
                              C:\Users\user\AppData\Local\V.Micro\Arduino\Builds\MapleWatering\Ardunio_STM32_mapleMini/core.a(boards.cpp.o) (adc_set_sample_rate)
C:\Users\user\AppData\Local\V.Micro\Arduino\Builds\MapleWatering\Ardunio_STM32_mapleMini/core.a(adc_f1.c.o)
                              C:\Users\user\AppData\Local\V.Micro\Arduino\Builds\MapleWatering\Ardunio_STM32_mapleMini/core.a(boards.cpp.o) (adc_set_prescaler)
[...]
Memory Configuration

Name             Origin             Length             Attributes
ram              0x20000c00         0x00004400         xrw
rom              0x08005000         0x0001b000         xr
*default*        0x00000000         0xffffffff

Linker script and memory map

LOAD c:/users/user/appdata/local/arduino15/packages/arduino/tools/arm-none-eabi-gcc/4.8.3-2014q1/bin/../lib/gcc/arm-none-eabi/4.8.3/armv7-m/crti.o
LOAD c:/users/user/appdata/local/arduino15/packages/arduino/tools/arm-none-eabi-gcc/4.8.3-2014q1/bin/../lib/gcc/arm-none-eabi/4.8.3/armv7-m/crtbegin.o
LOAD c:/users/user/appdata/local/arduino15/packages/arduino/tools/arm-none-eabi-gcc/4.8.3-2014q1/bin/../lib/gcc/arm-none-eabi/4.8.3/../../../../arm-none-eabi/lib/armv7-m/crt0.o
LOAD c:/users/user/appdata/local/arduino15/packages/arduino/tools/arm-none-eabi-gcc/4.8.3-2014q1/bin/../lib/gcc/arm-none-eabi/4.8.3/armv7-m\libgcc.a
START GROUP
LOAD C:\Users\user\AppData\Local\V.Micro\Arduino\Builds\MapleWatering\Ardunio_STM32_mapleMini\MapleWatering.cpp.o
LOAD C:\Users\user\AppData\Local\V.Micro\Arduino\Builds\MapleWatering\Ardunio_STM32_mapleMini\glcdfont.c.o
LOAD C:\Users\user\AppData\Local\V.Micro\Arduino\Builds\MapleWatering\Ardunio_STM32_mapleMini\Adafruit_GFX.cpp.o
LOAD C:\Users\user\AppData\Local\V.Micro\Arduino\Builds\MapleWatering\Ardunio_STM32_mapleMini\BarGraph.cpp.o
LOAD C:\Users\user\AppData\Local\V.Micro\Arduino\Builds\MapleWatering\Ardunio_STM32_mapleMini\Bitmaps.cpp.o
LOAD C:\Users\user\AppData\Local\V.Micro\Arduino\Builds\MapleWatering\Ardunio_STM32_mapleMini\ChartData.cpp.o
LOAD C:\Users\user\AppData\Local\V.Micro\Arduino\Builds\MapleWatering\Ardunio_STM32_mapleMini\DataStore.cpp.o
LOAD C:\Users\user\AppData\Local\V.Micro\Arduino\Builds\MapleWatering\Ardunio_STM32_mapleMini\FS.cpp.o
LOAD C:\Users\user\AppData\Local\V.Micro\Arduino\Builds\MapleWatering\Ardunio_STM32_mapleMini\measure.cpp.o
LOAD C:\Users\user\AppData\Local\V.Micro\Arduino\Builds\MapleWatering\Ardunio_STM32_mapleMini\TFT.cpp.o
LOAD C:\Users\user\AppData\Local\V.Micro\Arduino\Builds\MapleWatering\Ardunio_STM32_mapleMini\TouchScreen.cpp.o
LOAD C:\Users\user\AppData\Local\V.Micro\Arduino\Builds\MapleWatering\Ardunio_STM32_mapleMini\WateringSetup.cpp.o
LOAD C:\Users\user\AppData\Local\V.Micro\Arduino\Builds\MapleWatering\Ardunio_STM32_mapleMini\wButton.cpp.o
LOAD C:\Users\user\AppData\Local\V.Micro\Arduino\Builds\MapleWatering\Ardunio_STM32_mapleMini\WHolder.cpp.o
LOAD C:\Users\user\AppData\Local\V.Micro\Arduino\Builds\MapleWatering\Ardunio_STM32_mapleMini\widget.cpp.o
LOAD C:\Users\user\AppData\Local\V.Micro\Arduino\Builds\MapleWatering\Ardunio_STM32_mapleMini\wScroll.cpp.o
LOAD C:\Users\user\AppData\Local\V.Micro\Arduino\Builds\MapleWatering\Ardunio_STM32_mapleMini/core.a
END GROUP
LOAD c:/users/user/appdata/local/arduino15/packages/arduino/tools/arm-none-eabi-gcc/4.8.3-2014q1/bin/../lib/gcc/arm-none-eabi/4.8.3/../../../../arm-none-eabi/lib/armv7-m\libstdc++.a
LOAD c:/users/user/appdata/local/arduino15/packages/arduino/tools/arm-none-eabi-gcc/4.8.3-2014q1/bin/../lib/gcc/arm-none-eabi/4.8.3/../../../../arm-none-eabi/lib/armv7-m\libm.a
START GROUP
LOAD c:/users/user/appdata/local/arduino15/packages/arduino/tools/arm-none-eabi-gcc/4.8.3-2014q1/bin/../lib/gcc/arm-none-eabi/4.8.3/armv7-m\libgcc.a
LOAD c:/users/user/appdata/local/arduino15/packages/arduino/tools/arm-none-eabi-gcc/4.8.3-2014q1/bin/../lib/gcc/arm-none-eabi/4.8.3/../../../../arm-none-eabi/lib/armv7-m\libc.a
END GROUP
LOAD c:/users/user/appdata/local/arduino15/packages/arduino/tools/arm-none-eabi-gcc/4.8.3-2014q1/bin/../lib/gcc/arm-none-eabi/4.8.3/armv7-m/crtend.o
LOAD c:/users/user/appdata/local/arduino15/packages/arduino/tools/arm-none-eabi-gcc/4.8.3-2014q1/bin/../lib/gcc/arm-none-eabi/4.8.3/armv7-m/crtn.o
START GROUP
LOAD c:/users/user/appdata/local/arduino15/packages/arduino/tools/arm-none-eabi-gcc/4.8.3-2014q1/bin/../lib/gcc/arm-none-eabi/4.8.3/armv7-m\libgcc.a
LOAD c:/users/user/appdata/local/arduino15/packages/arduino/tools/arm-none-eabi-gcc/4.8.3-2014q1/bin/../lib/gcc/arm-none-eabi/4.8.3/../../../../arm-none-eabi/lib/armv7-m\libc.a
LOAD c:/users/user/appdata/local/arduino15/packages/arduino/tools/arm-none-eabi-gcc/4.8.3-2014q1/bin/../lib/gcc/arm-none-eabi/4.8.3/../../../../arm-none-eabi/lib/armv7-m\libm.a
END GROUP
START GROUP
LOAD c:/users/user/appdata/local/arduino15/packages/arduino/tools/arm-none-eabi-gcc/4.8.3-2014q1/bin/../lib/gcc/arm-none-eabi/4.8.3/../../../../arm-none-eabi/lib/armv7-m\libnosys.a
END GROUP
                0x20005000                PROVIDE (__msp_init, (ORIGIN (ram) + 0x4400))
                0x08009280                PROVIDE (__exc_reset, __start__)

.text           0x08005000    0x13540
                0x08005000                __text_start__ = .
 *(.stm32.interrupt_vector)
 .stm32.interrupt_vector
                0x08005000       0xec C:\Users\user\AppData\Local\V.Micro\Arduino\Builds\MapleWatering\Ardunio_STM32_mapleMini/core.a(vector_table.S.o)
                0x08005000                __stm32_vector_table
 *(.text .text.* .gnu.linkonce.t.*)
 .text          0x080050ec       0x54 c:/users/user/appdata/local/arduino15/packages/arduino/tools/arm-none-eabi-gcc/4.8.3-2014q1/bin/../lib/gcc/arm-none-eabi/4.8.3/armv7-m/crtbegin.o
 .text._ZN7measureD2Ev
                0x08005140       0x1c C:\Users\user\AppData\Local\V.Micro\Arduino\Builds\MapleWatering\Ardunio_STM32_mapleMini\MapleWatering.cpp.o
                0x08005140                measure::~measure()
                0x08005140                measure::~measure()
 .text._Z5setupv
                0x0800515c       0x74 C:\Users\user\AppData\Local\V.Micro\Arduino\Builds\MapleWatering\Ardunio_STM32_mapleMini\MapleWatering.cpp.o
                0x0800515c                setup()
 .text._Z4loopv
                0x080051d0       0xac C:\Users\user\AppData\Local\V.Micro\Arduino\Builds\MapleWatering\Ardunio_STM32_mapleMini\MapleWatering.cpp.o
                0x080051d0                loop()
 .text.startup._GLOBAL__sub_I_tft
                0x0800527c       0xd8 C:\Users\user\AppData\Local\V.Micro\Arduino\Builds\MapleWatering\Ardunio_STM32_mapleMini\MapleWatering.cpp.o
 .text._ZN12Adafruit_GFX8drawLineEsssst
                0x08005354       0xc8 C:\Users\user\AppData\Local\V.Micro\Arduino\Builds\MapleWatering\Ardunio_STM32_mapleMini\Adafruit_GFX.cpp.o
                0x08005354                Adafruit_GFX::drawLine(short, short, short, short, unsigned short)
 .text._ZN12Adafruit_GFX8drawRectEsssst
                0x0800541c       0x5e C:\Users\user\AppData\Local\V.Micro\Arduino\Builds\MapleWatering\Ardunio_STM32_mapleMini\Adafruit_GFX.cpp.o
                0x0800541c                Adafruit_GFX::drawRect(short, short, short, short, unsigned short)
 .text._ZN12Adafruit_GFX13drawFastVLineEssst
                0x0800547a       0x1c C:\Users\user\AppData\Local\V.Micro\Arduino\Builds\MapleWatering\Ardunio_STM32_mapleMini\Adafruit_GFX.cpp.o
                0x0800547a                Adafruit_GFX::drawFastVLine(short, short, short, unsigned short)
 .text._ZN12Adafruit_GFX13drawFastHLineEssst
                0x08005496       0x1a C:\Users\user\AppData\Local\V.Micro\Arduino\Builds\MapleWatering\Ardunio_STM32_mapleMini\Adafruit_GFX.cpp.o
                0x08005496                Adafruit_GFX::drawFastHLine(short, short, short, unsigned short)
 .text._ZN12Adafruit_GFX8fillRectEsssst
                0x080054b0       0x3c C:\Users\user\AppData\Local\V.Micro\Arduino\Builds\MapleWatering\Ardunio_STM32_mapleMini\Adafruit_GFX.cpp.o
                0x080054b0                Adafruit_GFX::fillRect(short, short, short, short, unsigned short)
 .text._ZN12Adafruit_GFX10fillScreenEt
                0x080054ec       0x1c C:\Users\user\AppData\Local\V.Micro\Arduino\Builds\MapleWatering\Ardunio_STM32_mapleMini\Adafruit_GFX.cpp.o
                0x080054ec                Adafruit_GFX::fillScreen(unsigned short)
 .text._ZN12Adafruit_GFX13invertDisplayEb
                0x08005508        0x2 C:\Users\user\AppData\Local\V.Micro\Arduino\Builds\MapleWatering\Ardunio_STM32_mapleMini\Adafruit_GFX.cpp.o
                0x08005508                Adafruit_GFX::invertDisplay(bool)
 *fill*         0x0800550a        0x2 
 .text._ZN12Adafruit_GFXC2Ess
                0x0800550c       0x2c C:\Users\user\AppData\Local\V.Micro\Arduino\Builds\MapleWatering\Ardunio_STM32_mapleMini\Adafruit_GFX.cpp.o
                0x0800550c                Adafruit_GFX::Adafruit_GFX(short, short)
                0x0800550c                Adafruit_GFX::Adafruit_GFX(short, short)
 .text._ZN12Adafruit_GFX10drawCircleEssst
                0x08005538      0x19c C:\Users\user\AppData\Local\V.Micro\Arduino\Builds\MapleWatering\Ardunio_STM32_mapleMini\Adafruit_GFX.cpp.o
                0x08005538                Adafruit_GFX::drawCircle(short, short, short, unsigned short)
 .text._ZN12Adafruit_GFX16drawCircleHelperEsssht
                0x080056d4      0x1a0 C:\Users\user\AppData\Local\V.Micro\Arduino\Builds\MapleWatering\Ardunio_STM32_mapleMini\Adafruit_GFX.cpp.o
                0x080056d4                Adafruit_GFX::drawCircleHelper(short, short, short, unsigned char, unsigned short)
 .text._ZN12Adafruit_GFX16fillCircleHelperEssshst
                0x08005874      0x14c C:\Users\user\AppData\Local\V.Micro\Arduino\Builds\MapleWatering\Ardunio_STM32_mapleMini\Adafruit_GFX.cpp.o
                0x08005874                Adafruit_GFX::fillCircleHelper(short, short, short, unsigned char, short, unsigned short)
 .text._ZN12Adafruit_GFX10fillCircleEssst
                0x080059c0       0x46 C:\Users\user\AppData\Local\V.Micro\Arduino\Builds\MapleWatering\Ardunio_STM32_mapleMini\Adafruit_GFX.cpp.o
                0x080059c0                Adafruit_GFX::fillCircle(short, short, short, unsigned short)
 .text._ZN12Adafruit_GFX13drawRoundRectEssssst
                0x08005a06      0x10c C:\Users\user\AppData\Local\V.Micro\Arduino\Builds\MapleWatering\Ardunio_STM32_mapleMini\Adafruit_GFX.cpp.o
                0x08005a06                Adafruit_GFX::drawRoundRect(short, short, short, short, short, unsigned short)
 .text._ZN12Adafruit_GFX13fillRoundRectEssssst
                0x08005b12       0x92 C:\Users\user\AppData\Local\V.Micro\Arduino\Builds\MapleWatering\Ardunio_STM32_mapleMini\Adafruit_GFX.cpp.o
                0x08005b12                Adafruit_GFX::fillRoundRect(short, short, short, short, short, unsigned short)
 .text._ZN12Adafruit_GFX12fillTriangleEsssssst
                0x08005ba4      0x1b0 C:\Users\user\AppData\Local\V.Micro\Arduino\Builds\MapleWatering\Ardunio_STM32_mapleMini\Adafruit_GFX.cpp.o
                0x08005ba4                Adafruit_GFX::fillTriangle(short, short, short, short, short, short, unsigned short)
 .text._ZN12Adafruit_GFX10drawBitmapEssPKtsst
                0x08005d54       0x5a C:\Users\user\AppData\Local\V.Micro\Arduino\Builds\MapleWatering\Ardunio_STM32_mapleMini\Adafruit_GFX.cpp.o
                0x08005d54                Adafruit_GFX::drawBitmap(short, short, unsigned short const*, short, short, unsigned short)
 *fill*         0x08005dae        0x2 
 .text._ZN12Adafruit_GFX8drawCharEsshtth
                0x08005db0      0x144 C:\Users\user\AppData\Local\V.Micro\Arduino\Builds\MapleWatering\Ardunio_STM32_mapleMini\Adafruit_GFX.cpp.o
                0x08005db0                Adafruit_GFX::drawChar(short, short, unsigned char, unsigned short, unsigned short, unsigned char)
 .text._ZN12Adafruit_GFX5writeEh
                0x08005ef4       0x68 C:\Users\user\AppData\Local\V.Micro\Arduino\Builds\MapleWatering\Ardunio_STM32_mapleMini\Adafruit_GFX.cpp.o
                0x08005ef4                Adafruit_GFX::write(unsigned char)
 .text._ZN12Adafruit_GFX9setCursorEss
                0x08005f5c        0x6 C:\Users\user\AppData\Local\V.Micro\Arduino\Builds\MapleWatering\Ardunio_STM32_mapleMini\Adafruit_GFX.cpp.o
                0x08005f5c                Adafruit_GFX::setCursor(short, short)
 .text._ZN12Adafruit_GFX11setTextSizeEh
                0x08005f62        0xa C:\Users\user\AppData\Local\V.Micro\Arduino\Builds\MapleWatering\Ardunio_STM32_mapleMini\Adafruit_GFX.cpp.o
                0x08005f62                Adafruit_GFX::setTextSize(unsigned char)
 .text._ZN12Adafruit_GFX12setTextColorEt
                0x08005f6c        0x6 C:\Users\user\AppData\Local\V.Micro\Arduino\Builds\MapleWatering\Ardunio_STM32_mapleMini\Adafruit_GFX.cpp.o
                0x08005f6c                Adafruit_GFX::setTextColor(unsigned short)
 .text._ZN12Adafruit_GFX11setRotationEh
                0x08005f72       0x1e C:\Users\user\AppData\Local\V.Micro\Arduino\Builds\MapleWatering\Ardunio_STM32_mapleMini\Adafruit_GFX.cpp.o
                0x08005f72                Adafruit_GFX::setRotation(unsigned char)
 .text._ZN9ChartDataC2ER12Adafruit_GFXhh
                0x08005f90        0xa C:\Users\user\AppData\Local\V.Micro\Arduino\Builds\MapleWatering\Ardunio_STM32_mapleMini\ChartData.cpp.o
                0x08005f90                ChartData::ChartData(Adafruit_GFX&, unsigned char, unsigned char)
                0x08005f90                ChartData::ChartData(Adafruit_GFX&, unsigned char, unsigned char)
 *fill*         0x08005f9a        0x2 
 .text._ZN9ChartData4drawEh
                0x08005f9c       0xd4 C:\Users\user\AppData\Local\V.Micro\Arduino\Builds\MapleWatering\Ardunio_STM32_mapleMini\ChartData.cpp.o
                0x08005f9c                ChartData::draw(unsigned char)
 .text._ZN9ChartData7setDataEhhbbbbbb
                0x08006070       0x5e C:\Users\user\AppData\Local\V.Micro\Arduino\Builds\MapleWatering\Ardunio_STM32_mapleMini\ChartData.cpp.o
                0x08006070                ChartData::setData(unsigned char, unsigned char, bool, bool, bool, bool, bool, bool)
 *fill*         0x080060ce        0x2 
 .text._ZN6chanel6updateEh
                0x080060d0       0x54 C:\Users\user\AppData\Local\V.Micro\Arduino\Builds\MapleWatering\Ardunio_STM32_mapleMini\FS.cpp.o
                0x080060d0                chanel::update(unsigned char)
 .text._ZN6chanel8switchToEb
                0x08006124       0x10 C:\Users\user\AppData\Local\V.Micro\Arduino\Builds\MapleWatering\Ardunio_STM32_mapleMini\FS.cpp.o
                0x08006124                chanel::switchTo(bool)
 .text._ZN12StateMachine6updateEtth
                0x08006134        0xe C:\Users\user\AppData\Local\V.Micro\Arduino\Builds\MapleWatering\Ardunio_STM32_mapleMini\FS.cpp.o
                0x08006134                StateMachine::update(unsigned short, unsigned short, unsigned char)
 *fill*         0x08006142        0x2 
 .text._ZN12StateMachine12TransitionToEP5State
                0x08006144       0x28 C:\Users\user\AppData\Local\V.Micro\Arduino\Builds\MapleWatering\Ardunio_STM32_mapleMini\FS.cpp.o
                0x08006144                StateMachine::TransitionTo(State*)
 .text._ZN12StateMachine12saveToEEPROMEv
                0x0800616c       0x14 C:\Users\user\AppData\Local\V.Micro\Arduino\Builds\MapleWatering\Ardunio_STM32_mapleMini\FS.cpp.o
                0x0800616c                StateMachine::saveToEEPROM()
 .text.startup._GLOBAL__sub_I_EEPROM
                0x08006180        0xc C:\Users\user\AppData\Local\V.Micro\Arduino\Builds\MapleWatering\Ardunio_STM32_mapleMini\FS.cpp.o
 .text._ZN13ButtonHandler9callBack2Ebh
                0x0800618c        0x2 C:\Users\user\AppData\Local\V.Micro\Arduino\Builds\MapleWatering\Ardunio_STM32_mapleMini\measure.cpp.o
                0x0800618c                ButtonHandler::callBack2(bool, unsigned char)
 .text._ZN7measure9callBack2Ebh
                0x0800618e        0x8 C:\Users\user\AppData\Local\V.Micro\Arduino\Builds\MapleWatering\Ardunio_STM32_mapleMini\measure.cpp.o
                0x0800618e                measure::callBack2(bool, unsigned char)
                0x08006190                non-virtual thunk to measure::callBack2(bool, unsigned char)
 .text._ZN7measure4exitEv
                0x08006196        0x2 C:\Users\user\AppData\Local\V.Micro\Arduino\Builds\MapleWatering\Ardunio_STM32_mapleMini\measure.cpp.o
                0x08006196                measure::exit()
 .text._ZN7measure9callBack1Ebh
                0x08006198       0x40 C:\Users\user\AppData\Local\V.Micro\Arduino\Builds\MapleWatering\Ardunio_STM32_mapleMini\measure.cpp.o
                0x08006198                measure::callBack1(bool, unsigned char)
 .text._ZThn8_N7measure9callBack1Ebh
                0x080061d8        0x8 C:\Users\user\AppData\Local\V.Micro\Arduino\Builds\MapleWatering\Ardunio_STM32_mapleMini\measure.cpp.o
                0x080061d8                non-virtual thunk to measure::callBack1(bool, unsigned char)
 .text._ZN7measureC2EP12StateMachineP12Adafruit_GFX
                0x080061e0      0x148 C:\Users\user\AppData\Local\V.Micro\Arduino\Builds\MapleWatering\Ardunio_STM32_mapleMini\measure.cpp.o
                0x080061e0                measure::measure(StateMachine*, Adafruit_GFX*)
                0x080061e0                measure::measure(StateMachine*, Adafruit_GFX*)
 .text._ZN7measure9updateLedEttb
                0x08006328       0x3c C:\Users\user\AppData\Local\V.Micro\Arduino\Builds\MapleWatering\Ardunio_STM32_mapleMini\measure.cpp.o
                0x08006328                measure::updateLed(unsigned short, unsigned short, bool)
 .text._ZN7measure5enterEv
                0x08006364       0xdc C:\Users\user\AppData\Local\V.Micro\Arduino\Builds\MapleWatering\Ardunio_STM32_mapleMini\measure.cpp.o
                0x08006364                measure::enter()
 .text._ZN7measure6updateEtth
                0x08006440      0x164 C:\Users\user\AppData\Local\V.Micro\Arduino\Builds\MapleWatering\Ardunio_STM32_mapleMini\measure.cpp.o
                0x08006440                measure::update(unsigned short, unsigned short, unsigned char)
 .text._ZN15Adafruit_TFTLCD9drawPixelEsst
                0x080065a4      0x2a4 C:\Users\user\AppData\Local\V.Micro\Arduino\Builds\MapleWatering\Ardunio_STM32_mapleMini\TFT.cpp.o
                0x080065a4                Adafruit_TFTLCD::drawPixel(short, short, unsigned short)
 .text._ZN15Adafruit_TFTLCD4initEv
                0x08006848       0x94 C:\Users\user\AppData\Local\V.Micro\Arduino\Builds\MapleWatering\Ardunio_STM32_mapleMini\TFT.cpp.o
                0x08006848                Adafruit_TFTLCD::init()
 .text._ZN15Adafruit_TFTLCDC2Ehhhhh
                0x080068dc      0x10c C:\Users\user\AppData\Local\V.Micro\Arduino\Builds\MapleWatering\Ardunio_STM32_mapleMini\TFT.cpp.o
                0x080068dc                Adafruit_TFTLCD::Adafruit_TFTLCD(unsigned char, unsigned char, unsigned char, unsigned char, unsigned char)
                0x080068dc                Adafruit_TFTLCD::Adafruit_TFTLCD(unsigned char, unsigned char, unsigned char, unsigned char, unsigned char)
 .text._ZN15Adafruit_TFTLCD5resetEv
                0x080069e8       0xb4 C:\Users\user\AppData\Local\V.Micro\Arduino\Builds\MapleWatering\Ardunio_STM32_mapleMini\TFT.cpp.o
                0x080069e8                Adafruit_TFTLCD::reset()
 .text._ZN15Adafruit_TFTLCD13setAddrWindowEiiii
                0x08006a9c      0x494 C:\Users\user\AppData\Local\V.Micro\Arduino\Builds\MapleWatering\Ardunio_STM32_mapleMini\TFT.cpp.o
                0x08006a9c                Adafruit_TFTLCD::setAddrWindow(int, int, int, int)
 .text._ZN15Adafruit_TFTLCD5setLREv
                0x08006f30       0x16 C:\Users\user\AppData\Local\V.Micro\Arduino\Builds\MapleWatering\Ardunio_STM32_mapleMini\TFT.cpp.o
                0x08006f30                Adafruit_TFTLCD::setLR()
 *fill*         0x08006f46        0x2 
 .text._ZN15Adafruit_TFTLCD5floodEtm
                0x08006f48      0x378 C:\Users\user\AppData\Local\V.Micro\Arduino\Builds\MapleWatering\Ardunio_STM32_mapleMini\TFT.cpp.o
                0x08006f48                Adafruit_TFTLCD::flood(unsigned short, unsigned long)
 .text._ZN15Adafruit_TFTLCD13drawFastHLineEssst
                0x080072c0       0x92 C:\Users\user\AppData\Local\V.Micro\Arduino\Builds\MapleWatering\Ardunio_STM32_mapleMini\TFT.cpp.o
                0x080072c0                Adafruit_TFTLCD::drawFastHLine(short, short, short, unsigned short)
 .text._ZN15Adafruit_TFTLCD13drawFastVLineEssst
                0x08007352       0x94 C:\Users\user\AppData\Local\V.Micro\Arduino\Builds\MapleWatering\Ardunio_STM32_mapleMini\TFT.cpp.o
                0x08007352                Adafruit_TFTLCD::drawFastVLine(short, short, short, unsigned short)
 .text._ZN15Adafruit_TFTLCD8fillRectEsssst
                0x080073e6       0xea C:\Users\user\AppData\Local\V.Micro\Arduino\Builds\MapleWatering\Ardunio_STM32_mapleMini\TFT.cpp.o
                0x080073e6                Adafruit_TFTLCD::fillRect(short, short, short, short, unsigned short)
 .text._ZN15Adafruit_TFTLCD10fillScreenEt
                0x080074d0      0x1b8 C:\Users\user\AppData\Local\V.Micro\Arduino\Builds\MapleWatering\Ardunio_STM32_mapleMini\TFT.cpp.o
                0x080074d0                Adafruit_TFTLCD::fillScreen(unsigned short)
 .text._ZN15Adafruit_TFTLCD11setRotationEh
                0x08007688      0x108 C:\Users\user\AppData\Local\V.Micro\Arduino\Builds\MapleWatering\Ardunio_STM32_mapleMini\TFT.cpp.o
                0x08007688                Adafruit_TFTLCD::setRotation(unsigned char)
 .text._ZN15Adafruit_TFTLCD5beginEt
                0x08007790      0x148 C:\Users\user\AppData\Local\V.Micro\Arduino\Builds\MapleWatering\Ardunio_STM32_mapleMini\TFT.cpp.o
                0x08007790                Adafruit_TFTLCD::begin(unsigned short)
 .text._ZN15Adafruit_TFTLCD7readRegEh
                0x080078d8       0xb8 C:\Users\user\AppData\Local\V.Micro\Arduino\Builds\MapleWatering\Ardunio_STM32_mapleMini\TFT.cpp.o
                0x080078d8                Adafruit_TFTLCD::readReg(unsigned char)
 .text._ZN15Adafruit_TFTLCD6readIDEv
                0x08007990       0x98 C:\Users\user\AppData\Local\V.Micro\Arduino\Builds\MapleWatering\Ardunio_STM32_mapleMini\TFT.cpp.o
                0x08007990                Adafruit_TFTLCD::readID()
 .text._ZN7TSPointC2Ev
                0x08007a28        0x8 C:\Users\user\AppData\Local\V.Micro\Arduino\Builds\MapleWatering\Ardunio_STM32_mapleMini\TouchScreen.cpp.o
                0x08007a28                TSPoint::TSPoint()
                0x08007a28                TSPoint::TSPoint()
 .text._ZN11TouchScreenC2Ehhhht
                0x08007a30       0x1a C:\Users\user\AppData\Local\V.Micro\Arduino\Builds\MapleWatering\Ardunio_STM32_mapleMini\TouchScreen.cpp.o
                0x08007a30                TouchScreen::TouchScreen(unsigned char, unsigned char, unsigned char, unsigned char, unsigned short)
                0x08007a30                TouchScreen::TouchScreen(unsigned char, unsigned char, unsigned char, unsigned char, unsigned short)
 .text._ZN11TouchScreen10readTouchXEv
                0x08007a4a       0x4c C:\Users\user\AppData\Local\V.Micro\Arduino\Builds\MapleWatering\Ardunio_STM32_mapleMini\TouchScreen.cpp.o
                0x08007a4a                TouchScreen::readTouchX()
 .text._ZN11TouchScreen10readTouchYEv
                0x08007a96       0x4c C:\Users\user\AppData\Local\V.Micro\Arduino\Builds\MapleWatering\Ardunio_STM32_mapleMini\TouchScreen.cpp.o
                0x08007a96                TouchScreen::readTouchY()
 .text._ZN11TouchScreen8getPointEv
                0x08007ae2       0xf8 C:\Users\user\AppData\Local\V.Micro\Arduino\Builds\MapleWatering\Ardunio_STM32_mapleMini\TouchScreen.cpp.o
                0x08007ae2                TouchScreen::getPoint()
 .text._ZN13WateringSetup4exitEv
                0x08007bda        0x2 C:\Users\user\AppData\Local\V.Micro\Arduino\Builds\MapleWatering\Ardunio_STM32_mapleMini\WateringSetup.cpp.o
                0x08007bda                WateringSetup::exit()
 .text._ZN13WateringSetup5enterEv
                0x08007bdc       0xd0 C:\Users\user\AppData\Local\V.Micro\Arduino\Builds\MapleWatering\Ardunio_STM32_mapleMini\WateringSetup.cpp.o
                0x08007bdc                WateringSetup::enter()
 .text._ZN13WateringSetup6updateEtth
                0x08007cac        0x6 C:\Users\user\AppData\Local\V.Micro\Arduino\Builds\MapleWatering\Ardunio_STM32_mapleMini\WateringSetup.cpp.o
                0x08007cac                WateringSetup::update(unsigned short, unsigned short, unsigned char)
 *fill*         0x08007cb2        0x2 
 .text._ZN13WateringSetup9callBack1Ebh
                0x08007cb4      0x128 C:\Users\user\AppData\Local\V.Micro\Arduino\Builds\MapleWatering\Ardunio_STM32_mapleMini\WateringSetup.cpp.o
                0x08007cb4                WateringSetup::callBack1(bool, unsigned char)
 .text._ZThn8_N13WateringSetup9callBack1Ebh
                0x08007ddc        0x8 C:\Users\user\AppData\Local\V.Micro\Arduino\Builds\MapleWatering\Ardunio_STM32_mapleMini\WateringSetup.cpp.o
                0x08007ddc                non-virtual thunk to WateringSetup::callBack1(bool, unsigned char)
 .text._ZN6chanelC2Ev
                0x08007de4       0x14 C:\Users\user\AppData\Local\V.Micro\Arduino\Builds\MapleWatering\Ardunio_STM32_mapleMini\WateringSetup.cpp.o
                0x08007de4                chanel::chanel()
                0x08007de4                chanel::chanel()
 .text._ZN13WateringSetupC2EP12StateMachineP15Adafruit_TFTLCD
                0x08007df8      0x248 C:\Users\user\AppData\Local\V.Micro\Arduino\Builds\MapleWatering\Ardunio_STM32_mapleMini\WateringSetup.cpp.o
                0x08007df8                WateringSetup::WateringSetup(StateMachine*, Adafruit_TFTLCD*)
                0x08007df8                WateringSetup::WateringSetup(StateMachine*, Adafruit_TFTLCD*)
 .text._ZN13WateringSetupD2Ev
                0x08008040       0x20 C:\Users\user\AppData\Local\V.Micro\Arduino\Builds\MapleWatering\Ardunio_STM32_mapleMini\WateringSetup.cpp.o
                0x08008040                WateringSetup::~WateringSetup()
                0x08008040                WateringSetup::~WateringSetup()
 .text._ZN6Widget10setHandlerEP13ButtonHandler
                0x08008060        0x2 C:\Users\user\AppData\Local\V.Micro\Arduino\Builds\MapleWatering\Ardunio_STM32_mapleMini\wButton.cpp.o
                0x08008060                Widget::setHandler(ButtonHandler*)
 .text._ZN6Button10setHandlerEP13ButtonHandler
                0x08008062        0x4 C:\Users\user\AppData\Local\V.Micro\Arduino\Builds\MapleWatering\Ardunio_STM32_mapleMini\wButton.cpp.o
                0x08008062                Button::setHandler(ButtonHandler*)
 *fill*         0x08008066        0x2 
 .text._ZN6Button6reDrawEv
                0x08008068       0xa4 C:\Users\user\AppData\Local\V.Micro\Arduino\Builds\MapleWatering\Ardunio_STM32_mapleMini\wButton.cpp.o
                0x08008068                Button::reDraw()
 .text._ZN6ButtonC2EtttthbtPc
                0x0800810c       0x40 C:\Users\user\AppData\Local\V.Micro\Arduino\Builds\MapleWatering\Ardunio_STM32_mapleMini\wButton.cpp.o
                0x0800810c                Button::Button(unsigned short, unsigned short, unsigned short, unsigned short, unsigned char, bool, unsigned short, char*)
                0x0800810c                Button::Button(unsigned short, unsigned short, unsigned short, unsigned short, unsigned char, bool, unsigned short, char*)
 .text._ZN6Button9setColorsEtt
                0x0800814c        0x6 C:\Users\user\AppData\Local\V.Micro\Arduino\Builds\MapleWatering\Ardunio_STM32_mapleMini\wButton.cpp.o
                0x0800814c                Button::setColors(unsigned short, unsigned short)
 *fill*         0x08008152        0x2 
 .text._ZN6Button17updateButtonStateEttb
                0x08008154       0x6c C:\Users\user\AppData\Local\V.Micro\Arduino\Builds\MapleWatering\Ardunio_STM32_mapleMini\wButton.cpp.o
                0x08008154                Button::updateButtonState(unsigned short, unsigned short, bool)
 .text._ZN6Button6updateEttt
                0x080081c0       0x10 C:\Users\user\AppData\Local\V.Micro\Arduino\Builds\MapleWatering\Ardunio_STM32_mapleMini\wButton.cpp.o
                0x080081c0                Button::update(unsigned short, unsigned short, unsigned short)
 .text._ZN7WHolderC2Ev
                0x080081d0       0x12 C:\Users\user\AppData\Local\V.Micro\Arduino\Builds\MapleWatering\Ardunio_STM32_mapleMini\WHolder.cpp.o
                0x080081d0                WHolder::WHolder()
                0x080081d0                WHolder::WHolder()
 .text._ZN7WHolder9addWidgetEP6WidgetP13ButtonHandler
                0x080081e2       0x34 C:\Users\user\AppData\Local\V.Micro\Arduino\Builds\MapleWatering\Ardunio_STM32_mapleMini\WHolder.cpp.o
                0x080081e2                WHolder::addWidget(Widget*, ButtonHandler*)
 .text._ZN7WHolder8updateWsEttt
                0x08008216       0x2a C:\Users\user\AppData\Local\V.Micro\Arduino\Builds\MapleWatering\Ardunio_STM32_mapleMini\WHolder.cpp.o
                0x08008216                WHolder::updateWs(unsigned short, unsigned short, unsigned short)
 .text._ZN7WHolder8redrawWsEv
                0x08008240       0x1a C:\Users\user\AppData\Local\V.Micro\Arduino\Builds\MapleWatering\Ardunio_STM32_mapleMini\WHolder.cpp.o
                0x08008240                WHolder::redrawWs()
 .text._ZN7WHolderD2Ev
                0x0800825a        0x2 C:\Users\user\AppData\Local\V.Micro\Arduino\Builds\MapleWatering\Ardunio_STM32_mapleMini\WHolder.cpp.o
                0x0800825a                WHolder::~WHolder()
                0x0800825a                WHolder::~WHolder()
 .text._ZN5Theme8drawBox2EP12Adafruit_GFXttttbb
                0x0800825c        0x2 C:\Users\user\AppData\Local\V.Micro\Arduino\Builds\MapleWatering\Ardunio_STM32_mapleMini\widget.cpp.o
                0x0800825c                Theme::drawBox2(Adafruit_GFX*, unsigned short, unsigned short, unsigned short, unsigned short, bool, bool)
 .text._ZN6Theme28drawBox2EP12Adafruit_GFXttttbb
                0x0800825e        0x2 C:\Users\user\AppData\Local\V.Micro\Arduino\Builds\MapleWatering\Ardunio_STM32_mapleMini\widget.cpp.o
                0x0800825e                Theme2::drawBox2(Adafruit_GFX*, unsigned short, unsigned short, unsigned short, unsigned short, bool, bool)
 .text._ZN5Theme7drawBoxEP12Adafruit_GFXttttbb
                0x08008260      0x212 C:\Users\user\AppData\Local\V.Micro\Arduino\Builds\MapleWatering\Ardunio_STM32_mapleMini\widget.cpp.o
                0x08008260                Theme::drawBox(Adafruit_GFX*, unsigned short, unsigned short, unsigned short, unsigned short, bool, bool)
 .text._ZN6Theme27drawBoxEP12Adafruit_GFXttttbb
                0x08008472      0x160 C:\Users\user\AppData\Local\V.Micro\Arduino\Builds\MapleWatering\Ardunio_STM32_mapleMini\widget.cpp.o
                0x08008472                Theme2::drawBox(Adafruit_GFX*, unsigned short, unsigned short, unsigned short, unsigned short, bool, bool)
 *fill*         0x080085d2        0x2 
 .text._ZN5ThemeC2Ev
                0x080085d4       0x30 C:\Users\user\AppData\Local\V.Micro\Arduino\Builds\MapleWatering\Ardunio_STM32_mapleMini\widget.cpp.o
                0x080085d4                Theme::Theme()
                0x080085d4                Theme::Theme()
 .text._ZN6Theme2C2Ev
                0x08008604       0x30 C:\Users\user\AppData\Local\V.Micro\Arduino\Builds\MapleWatering\Ardunio_STM32_mapleMini\widget.cpp.o
                0x08008604                Theme2::Theme2()
                0x08008604                Theme2::Theme2()
 .text._ZN6Theme3C2Ev
                0x08008634       0x40 C:\Users\user\AppData\Local\V.Micro\Arduino\Builds\MapleWatering\Ardunio_STM32_mapleMini\widget.cpp.o
                0x08008634                Theme3::Theme3()
                0x08008634                Theme3::Theme3()
 .text._ZN6Widget10setDisplayEP12Adafruit_GFX
                0x08008674        0xc C:\Users\user\AppData\Local\V.Micro\Arduino\Builds\MapleWatering\Ardunio_STM32_mapleMini\widget.cpp.o
                0x08008674                Widget::setDisplay(Adafruit_GFX*)
 .text._ZN9ScrollBarC2Etth
                0x08008680       0x24 C:\Users\user\AppData\Local\V.Micro\Arduino\Builds\MapleWatering\Ardunio_STM32_mapleMini\wScroll.cpp.o
                0x08008680                ScrollBar::ScrollBar(unsigned short, unsigned short, unsigned char)
                0x08008680                ScrollBar::ScrollBar(unsigned short, unsigned short, unsigned char)
 .text._ZN9ScrollBar13reDrawButtonsEv
                0x080086a4       0xcc C:\Users\user\AppData\Local\V.Micro\Arduino\Builds\MapleWatering\Ardunio_STM32_mapleMini\wScroll.cpp.o
                0x080086a4                ScrollBar::reDrawButtons()
 .text._ZN9ScrollBar11updateValueEv
                0x08008770       0xa0 C:\Users\user\AppData\Local\V.Micro\Arduino\Builds\MapleWatering\Ardunio_STM32_mapleMini\wScroll.cpp.o
                0x08008770                ScrollBar::updateValue()
 .text._ZN9ScrollBar6updateEttt
                0x08008810       0xa0 C:\Users\user\AppData\Local\V.Micro\Arduino\Builds\MapleWatering\Ardunio_STM32_mapleMini\wScroll.cpp.o
                0x08008810                ScrollBar::update(unsigned short, unsigned short, unsigned short)
 .text._ZN9ScrollBar8setValueEh
                0x080088b0        0x6 C:\Users\user\AppData\Local\V.Micro\Arduino\Builds\MapleWatering\Ardunio_STM32_mapleMini\wScroll.cpp.o
                0x080088b0                ScrollBar::setValue(unsigned char)
 *fill*         0x080088b6        0x2 
 .text._ZN9ScrollBar6reDrawEv
                0x080088b8       0x4c C:\Users\user\AppData\Local\V.Micro\Arduino\Builds\MapleWatering\Ardunio_STM32_mapleMini\wScroll.cpp.o
                0x080088b8                ScrollBar::reDraw()
 *fill*         0x08008904        0xc 
 .text          0x08008910       0x60 C:\Users\user\AppData\Local\V.Micro\Arduino\Builds\MapleWatering\Ardunio_STM32_mapleMini/core.a(exc.S.o)
                0x08008910                __exc_nmi
                0x08008914                __exc_hardfault
                0x08008918                __exc_memmanage
                0x0800891c                __exc_busfault
                0x08008920                __exc_usagefault
 .text          0x08008970        0x2 C:\Users\user\AppData\Local\V.Micro\Arduino\Builds\MapleWatering\Ardunio_STM32_mapleMini/core.a(isrs.S.o)
                0x08008970                __stm32reservedexception9
                0x08008970                __irq_dma1_channel3
                0x08008970                __irq_i2c2_er
                0x08008970                __irq_i2c1_er
                0x08008970                __irq_dma1_channel6
                0x08008970                __exc_debug_monitor
                0x08008970                __irq_dma1_channel1
                0x08008970                __exc_svc
                0x08008970                __irq_dma1_channel4
                0x08008970                __irq_adc
                0x08008970                __irq_dma1_channel7
                0x08008970                __irq_exti0
                0x08008970                __irq_can_rx1
                0x08008970                __irq_spi2
                0x08008970                __irq_can_sce
                0x08008970                __irq_exti2
                0x08008970                __irq_exti3
                0x08008970                __irq_exti9_5
                0x08008970                __irq_pvd
                0x08008970                __irq_tamper
                0x08008970                __default_handler
                0x08008970                __irq_wwdg
                0x08008970                __stm32reservedexception10
                0x08008970                __irq_flash
                0x08008970                __irq_i2c2_ev
                0x08008970                __irq_dma1_channel2
                0x08008970                __irq_dma1_channel5
                0x08008970                __stm32reservedexception13
                0x08008970                __irq_rtc
                0x08008970                __irq_spi1
                0x08008970                __stm32reservedexception7
                0x08008970                __irq_usb_hp_can_tx
                0x08008970                __irq_exti15_10
                0x08008970                __irq_exti4
                0x08008970                __irq_rtcalarm
                0x08008970                __stm32reservedexception8
                0x08008970                __exc_pendsv
                0x08008970                __irq_i2c1_ev
                0x08008970                __irq_usbwakeup
                0x08008970                __irq_exti1
                0x08008970                __irq_rcc
 *fill*         0x08008972        0x2 
 .text.systick_init
                0x08008974       0x10 C:\Users\user\AppData\Local\V.Micro\Arduino\Builds\MapleWatering\Ardunio_STM32_mapleMini/core.a(systick.c.o)
                0x08008974                systick_init
 .text.__exc_systick
                0x08008984       0x1c C:\Users\user\AppData\Local\V.Micro\Arduino\Builds\MapleWatering\Ardunio_STM32_mapleMini/core.a(systick.c.o)
                0x08008984                __exc_systick
 .text.timer_oc_set_mode
                0x080089a0       0x3a C:\Users\user\AppData\Local\V.Micro\Arduino\Builds\MapleWatering\Ardunio_STM32_mapleMini/core.a(timer.c.o)
 *fill*         0x080089da        0x2 
 .text.timer_foreach
                0x080089dc       0x28 C:\Users\user\AppData\Local\V.Micro\Arduino\Builds\MapleWatering\Ardunio_STM32_mapleMini/core.a(timer.c.o)
                0x080089dc                timer_foreach
 .text.timer_init
                0x08008a04       0x14 C:\Users\user\AppData\Local\V.Micro\Arduino\Builds\MapleWatering\Ardunio_STM32_mapleMini/core.a(timer.c.o)
                0x08008a04                timer_init
 .text.timer_has_cc_channel
                0x08008a18       0x30 C:\Users\user\AppData\Local\V.Micro\Arduino\Builds\MapleWatering\Ardunio_STM32_mapleMini/core.a(timer.c.o)
                0x08008a18                timer_has_cc_channel
 .text.timer_detach_interrupt
                0x08008a48       0x1e C:\Users\user\AppData\Local\V.Micro\Arduino\Builds\MapleWatering\Ardunio_STM32_mapleMini/core.a(timer.c.o)
                0x08008a48                timer_detach_interrupt
 .text.timer_set_mode
                0x08008a66       0x94 C:\Users\user\AppData\Local\V.Micro\Arduino\Builds\MapleWatering\Ardunio_STM32_mapleMini/core.a(timer.c.o)
                0x08008a66                timer_set_mode
 *fill*         0x08008afa        0x2 
 .text.__irq_tim1_brk
                0x08008afc       0x24 C:\Users\user\AppData\Local\V.Micro\Arduino\Builds\MapleWatering\Ardunio_STM32_mapleMini/core.a(timer.c.o)
                0x08008afc                __irq_tim1_brk
 .text.__irq_tim1_up
                0x08008b20       0x24 C:\Users\user\AppData\Local\V.Micro\Arduino\Builds\MapleWatering\Ardunio_STM32_mapleMini/core.a(timer.c.o)
                0x08008b20                __irq_tim1_up
 .text.__irq_tim1_trg_com
                0x08008b44       0x38 C:\Users\user\AppData\Local\V.Micro\Arduino\Builds\MapleWatering\Ardunio_STM32_mapleMini/core.a(timer.c.o)
                0x08008b44                __irq_tim1_trg_com
 .text.__irq_tim1_cc
                0x08008b7c       0x54 C:\Users\user\AppData\Local\V.Micro\Arduino\Builds\MapleWatering\Ardunio_STM32_mapleMini/core.a(timer.c.o)
                0x08008b7c                __irq_tim1_cc
 .text.__irq_tim2
                0x08008bd0       0x70 C:\Users\user\AppData\Local\V.Micro\Arduino\Builds\MapleWatering\Ardunio_STM32_mapleMini/core.a(timer.c.o)
                0x08008bd0                __irq_tim2
 .text.__irq_tim3
                0x08008c40       0x70 C:\Users\user\AppData\Local\V.Micro\Arduino\Builds\MapleWatering\Ardunio_STM32_mapleMini/core.a(timer.c.o)
                0x08008c40                __irq_tim3
 .text.__irq_tim4
                0x08008cb0       0x70 C:\Users\user\AppData\Local\V.Micro\Arduino\Builds\MapleWatering\Ardunio_STM32_mapleMini/core.a(timer.c.o)
                0x08008cb0                __irq_tim4
 .text.usart_putc
                0x08008d20       0x1c C:\Users\user\AppData\Local\V.Micro\Arduino\Builds\MapleWatering\Ardunio_STM32_mapleMini/core.a(util.c.o)
 .text.usart_putstr
                0x08008d3c       0x16 C:\Users\user\AppData\Local\V.Micro\Arduino\Builds\MapleWatering\Ardunio_STM32_mapleMini/core.a(util.c.o)
 *fill*         0x08008d52        0x2 
 .text.throb    0x08008d54       0x4c C:\Users\user\AppData\Local\V.Micro\Arduino\Builds\MapleWatering\Ardunio_STM32_mapleMini/core.a(util.c.o)
                0x08008d54                throb
 .text.__error  0x08008da0       0x14 C:\Users\user\AppData\Local\V.Micro\Arduino\Builds\MapleWatering\Ardunio_STM32_mapleMini/core.a(util.c.o)
                0x08008da0                __error
 .text.abort    0x08008db4       0x1c C:\Users\user\AppData\Local\V.Micro\Arduino\Builds\MapleWatering\Ardunio_STM32_mapleMini/core.a(util.c.o)
                0x08008db4                abort
 .text.__cxa_pure_virtual
                0x08008dd0        0x2 C:\Users\user\AppData\Local\V.Micro\Arduino\Builds\MapleWatering\Ardunio_STM32_mapleMini/core.a(cxxabi-compat.cpp.o)
                0x08008dd0                __cxa_pure_virtual
 .text.startup._Z7premainv
                0x08008dd2        0x4 C:\Users\user\AppData\Local\V.Micro\Arduino\Builds\MapleWatering\Ardunio_STM32_mapleMini/core.a(main.cpp.o)
                0x08008dd2                premain()
 .text.startup.main
                0x08008dd6        0xc C:\Users\user\AppData\Local\V.Micro\Arduino\Builds\MapleWatering\Ardunio_STM32_mapleMini/core.a(main.cpp.o)
                0x08008dd6                main
 .text._ZN5Print5writeEPKc
                0x08008de2       0x1c C:\Users\user\AppData\Local\V.Micro\Arduino\Builds\MapleWatering\Ardunio_STM32_mapleMini/core.a(Print.cpp.o)
                0x08008de2                Print::write(char const*)
 .text._ZN5Print5writeEPKvm
                0x08008dfe       0x1e C:\Users\user\AppData\Local\V.Micro\Arduino\Builds\MapleWatering\Ardunio_STM32_mapleMini/core.a(Print.cpp.o)
                0x08008dfe                Print::write(void const*, unsigned long)
 .text._ZN5Print5printEc
                0x08008e1c        0xa C:\Users\user\AppData\Local\V.Micro\Arduino\Builds\MapleWatering\Ardunio_STM32_mapleMini/core.a(Print.cpp.o)
                0x08008e1c                Print::print(char)
 .text._ZN5Print5printEPKc
                0x08008e26        0xa C:\Users\user\AppData\Local\V.Micro\Arduino\Builds\MapleWatering\Ardunio_STM32_mapleMini/core.a(Print.cpp.o)
                0x08008e26                Print::print(char const*)
 .text._ZN5Print7printlnEv
                0x08008e30       0x18 C:\Users\user\AppData\Local\V.Micro\Arduino\Builds\MapleWatering\Ardunio_STM32_mapleMini/core.a(Print.cpp.o)
                0x08008e30                Print::println()
 .text._ZN5Print7printlnEPKc
                0x08008e48       0x14 C:\Users\user\AppData\Local\V.Micro\Arduino\Builds\MapleWatering\Ardunio_STM32_mapleMini/core.a(Print.cpp.o)
                0x08008e48                Print::println(char const*)
 .text._ZN5Print11printNumberEyh
                0x08008e5c       0x84 C:\Users\user\AppData\Local\V.Micro\Arduino\Builds\MapleWatering\Ardunio_STM32_mapleMini/core.a(Print.cpp.o)
                0x08008e5c                Print::printNumber(unsigned long long, unsigned char)
 .text._ZN5Print5printExi
                0x08008ee0       0x40 C:\Users\user\AppData\Local\V.Micro\Arduino\Builds\MapleWatering\Ardunio_STM32_mapleMini/core.a(Print.cpp.o)
                0x08008ee0                Print::print(long long, int)
 .text._ZN5Print5printEii
                0x08008f20       0x12 C:\Users\user\AppData\Local\V.Micro\Arduino\Builds\MapleWatering\Ardunio_STM32_mapleMini/core.a(Print.cpp.o)
                0x08008f20                Print::print(int, int)
 .text._ZN5Print7printlnEii
                0x08008f32       0x14 C:\Users\user\AppData\Local\V.Micro\Arduino\Builds\MapleWatering\Ardunio_STM32_mapleMini/core.a(Print.cpp.o)
                0x08008f32                Print::println(int, int)
 .text._ZN9USBSerial5writeEh
                0x08008f46       0x18 C:\Users\user\AppData\Local\V.Micro\Arduino\Builds\MapleWatering\Ardunio_STM32_mapleMini/core.a(usb_serial.cpp.o)
                0x08008f46                USBSerial::write(unsigned char)
 .text._ZN9USBSerial9availableEv
                0x08008f5e        0x4 C:\Users\user\AppData\Local\V.Micro\Arduino\Builds\MapleWatering\Ardunio_STM32_mapleMini/core.a(usb_serial.cpp.o)
                0x08008f5e                USBSerial::available()
 .text._ZN9USBSerial5writeEPKc
                0x08008f62       0x1c C:\Users\user\AppData\Local\V.Micro\Arduino\Builds\MapleWatering\Ardunio_STM32_mapleMini/core.a(usb_serial.cpp.o)
                0x08008f62                USBSerial::write(char const*)
 .text._ZN9USBSerial4peekEv
                0x08008f7e       0x1e C:\Users\user\AppData\Local\V.Micro\Arduino\Builds\MapleWatering\Ardunio_STM32_mapleMini/core.a(usb_serial.cpp.o)
                0x08008f7e                USBSerial::peek()
 .text._ZN9USBSerial4readEv
                0x08008f9c       0x1e C:\Users\user\AppData\Local\V.Micro\Arduino\Builds\MapleWatering\Ardunio_STM32_mapleMini/core.a(usb_serial.cpp.o)
                0x08008f9c                USBSerial::read()
 *fill*         0x08008fba        0x2 
 .text._ZL14ifaceSetupHookjPv
                0x08008fbc       0x50 C:\Users\user\AppData\Local\V.Micro\Arduino\Builds\MapleWatering\Ardunio_STM32_mapleMini/core.a(usb_serial.cpp.o)
 .text._ZL6rxHookjPv
                0x0800900c       0x84 C:\Users\user\AppData\Local\V.Micro\Arduino\Builds\MapleWatering\Ardunio_STM32_mapleMini/core.a(usb_serial.cpp.o)
 .text._ZL10wait_resetv
                0x08009090       0x10 C:\Users\user\AppData\Local\V.Micro\Arduino\Builds\MapleWatering\Ardunio_STM32_mapleMini/core.a(usb_serial.cpp.o)
 .text._ZN9USBSerialC2Ev
                0x080090a0       0x14 C:\Users\user\AppData\Local\V.Micro\Arduino\Builds\MapleWatering\Ardunio_STM32_mapleMini/core.a(usb_serial.cpp.o)
                0x080090a0                USBSerial::USBSerial()
                0x080090a0                USBSerial::USBSerial()
 .text._ZN9USBSerial5beginEv
                0x080090b4       0x2c C:\Users\user\AppData\Local\V.Micro\Arduino\Builds\MapleWatering\Ardunio_STM32_mapleMini/core.a(usb_serial.cpp.o)
                0x080090b4                USBSerial::begin()
 .text._ZN9USBSerial5beginEm
                0x080090e0        0xa C:\Users\user\AppData\Local\V.Micro\Arduino\Builds\MapleWatering\Ardunio_STM32_mapleMini/core.a(usb_serial.cpp.o)
                0x080090e0                USBSerial::begin(unsigned long)
 .text._ZN9USBSerial4readEPvm
                0x080090ea       0x22 C:\Users\user\AppData\Local\V.Micro\Arduino\Builds\MapleWatering\Ardunio_STM32_mapleMini/core.a(usb_serial.cpp.o)
                0x080090ea                USBSerial::read(void*, unsigned long)
 .text._ZN9USBSerial5flushEv
                0x0800910c       0x1c C:\Users\user\AppData\Local\V.Micro\Arduino\Builds\MapleWatering\Ardunio_STM32_mapleMini/core.a(usb_serial.cpp.o)
                0x0800910c                USBSerial::flush()
 .text._ZN9USBSerial11isConnectedEv
                0x08009128       0x14 C:\Users\user\AppData\Local\V.Micro\Arduino\Builds\MapleWatering\Ardunio_STM32_mapleMini/core.a(usb_serial.cpp.o)
                0x08009128                USBSerial::isConnected()
 .text._ZN9USBSerial5writeEPKvm
                0x0800913c       0x5c C:\Users\user\AppData\Local\V.Micro\Arduino\Builds\MapleWatering\Ardunio_STM32_mapleMini/core.a(usb_serial.cpp.o)
                0x0800913c                USBSerial::write(void const*, unsigned long)
 .text.startup._GLOBAL__sub_I__ZN9USBSerialC2Ev
                0x08009198        0xc C:\Users\user\AppData\Local\V.Micro\Arduino\Builds\MapleWatering\Ardunio_STM32_mapleMini/core.a(usb_serial.cpp.o)
 .text._Z10analogReadh
                0x080091a4       0x1c C:\Users\user\AppData\Local\V.Micro\Arduino\Builds\MapleWatering\Ardunio_STM32_mapleMini/core.a(wirish_analog.cpp.o)
                0x080091a4                analogRead(unsigned char)
 .text._Z12digitalWritehh
                0x080091c0       0x2c C:\Users\user\AppData\Local\V.Micro\Arduino\Builds\MapleWatering\Ardunio_STM32_mapleMini/core.a(wirish_digital.cpp.o)
                0x080091c0                digitalWrite(unsigned char, unsigned char)
 .text._Z5delaym
                0x080091ec       0x18 C:\Users\user\AppData\Local\V.Micro\Arduino\Builds\MapleWatering\Ardunio_STM32_mapleMini/core.a(wirish_time.cpp.o)
                0x080091ec                delay(unsigned long)
 .text._Z17delayMicrosecondsm
                0x08009204        0xe C:\Users\user\AppData\Local\V.Micro\Arduino\Builds\MapleWatering\Ardunio_STM32_mapleMini/core.a(wirish_time.cpp.o)
                0x08009204                delayMicroseconds(unsigned long)
 *fill*         0x08009212        0x2 
 .text._Z7pinModeh13WiringPinMode
                0x08009214       0x6c C:\Users\user\AppData\Local\V.Micro\Arduino\Builds\MapleWatering\Ardunio_STM32_mapleMini/core.a(wirish_digital_f1.cpp.o)
                0x08009214                pinMode(unsigned char, WiringPinMode)
 .text          0x08009280       0x10 C:\Users\user\AppData\Local\V.Micro\Arduino\Builds\MapleWatering\Ardunio_STM32_mapleMini/core.a(start.S.o)
                0x08009280                __start__
 .text.start_c  0x08009290       0x64 C:\Users\user\AppData\Local\V.Micro\Arduino\Builds\MapleWatering\Ardunio_STM32_mapleMini/core.a(start_c.c.o)
                0x08009290                start_c
 .text._Z9boardInitv
                0x080092f4        0x4 C:\Users\user\AppData\Local\V.Micro\Arduino\Builds\MapleWatering\Ardunio_STM32_mapleMini/core.a(board.cpp.o)
                0x080092f4                boardInit()
 .text.startup._GLOBAL__sub_I__Z9boardInitv
                0x080092f8       0x48 C:\Users\user\AppData\Local\V.Micro\Arduino\Builds\MapleWatering\Ardunio_STM32_mapleMini/core.a(board.cpp.o)
 .text._ZL18adc_default_configPK7adc_dev
                0x08009340       0x1c C:\Users\user\AppData\Local\V.Micro\Arduino\Builds\MapleWatering\Ardunio_STM32_mapleMini/core.a(boards.cpp.o)
 .text._ZL20timer_default_configP9timer_dev
                0x0800935c       0x9e C:\Users\user\AppData\Local\V.Micro\Arduino\Builds\MapleWatering\Ardunio_STM32_mapleMini/core.a(boards.cpp.o)
 *fill*         0x080093fa        0x2 
 .text._Z4initv
                0x080093fc       0xbc C:\Users\user\AppData\Local\V.Micro\Arduino\Builds\MapleWatering\Ardunio_STM32_mapleMini/core.a(boards.cpp.o)
                0x080093fc                init()
 .text._ZN6wirish4priv15board_reset_pllEv
                0x080094b8        0x2 C:\Users\user\AppData\Local\V.Micro\Arduino\Builds\MapleWatering\Ardunio_STM32_mapleMini/core.a(boards_setup.cpp.o)
                0x080094b8                wirish::priv::board_reset_pll()
 .text._ZN6wirish4priv28board_setup_clock_prescalersEv
                0x080094ba       0x2e C:\Users\user\AppData\Local\V.Micro\Arduino\Builds\MapleWatering\Ardunio_STM32_mapleMini/core.a(boards_setup.cpp.o)
                0x080094ba                wirish::priv::board_setup_clock_prescalers()
 .text._ZN6wirish4priv16board_setup_gpioEv
                0x080094e8        0x4 C:\Users\user\AppData\Local\V.Micro\Arduino\Builds\MapleWatering\Ardunio_STM32_mapleMini/core.a(boards_setup.cpp.o)
                0x080094e8                wirish::priv::board_setup_gpio()
 .text._ZN6wirish4priv15board_setup_usbEv
                0x080094ec        0xc C:\Users\user\AppData\Local\V.Micro\Arduino\Builds\MapleWatering\Ardunio_STM32_mapleMini/core.a(boards_setup.cpp.o)
                0x080094ec                wirish::priv::board_setup_usb()
 .text._ZN6wirish4priv11series_initEv
                0x080094f8        0x4 C:\Users\user\AppData\Local\V.Micro\Arduino\Builds\MapleWatering\Ardunio_STM32_mapleMini/core.a(boards_setup.cpp.o)
                0x080094f8                wirish::priv::series_init()
 .text.adc_init
                0x080094fc       0x14 C:\Users\user\AppData\Local\V.Micro\Arduino\Builds\MapleWatering\Ardunio_STM32_mapleMini/core.a(adc.c.o)
                0x080094fc                adc_init
 .text.adc_set_extsel
                0x08009510        0xe C:\Users\user\AppData\Local\V.Micro\Arduino\Builds\MapleWatering\Ardunio_STM32_mapleMini/core.a(adc.c.o)
                0x08009510                adc_set_extsel
 .text.adc_set_sample_rate
                0x0800951e       0x30 C:\Users\user\AppData\Local\V.Micro\Arduino\Builds\MapleWatering\Ardunio_STM32_mapleMini/core.a(adc.c.o)
                0x0800951e                adc_set_sample_rate
 .text.adc_read
                0x0800954e       0x20 C:\Users\user\AppData\Local\V.Micro\Arduino\Builds\MapleWatering\Ardunio_STM32_mapleMini/core.a(adc.c.o)
                0x0800954e                adc_read
 .text.adc_calibrate
                0x0800956e       0x24 C:\Users\user\AppData\Local\V.Micro\Arduino\Builds\MapleWatering\Ardunio_STM32_mapleMini/core.a(adc_f1.c.o)
                0x0800956e                adc_calibrate
 .text.adc_set_prescaler
                0x08009592        0x8 C:\Users\user\AppData\Local\V.Micro\Arduino\Builds\MapleWatering\Ardunio_STM32_mapleMini/core.a(adc_f1.c.o)
                0x08009592                adc_set_prescaler
 *fill*         0x0800959a        0x2 
 .text.adc_foreach
                0x0800959c       0x1c C:\Users\user\AppData\Local\V.Micro\Arduino\Builds\MapleWatering\Ardunio_STM32_mapleMini/core.a(adc_f1.c.o)
                0x0800959c                adc_foreach
 .text.adc_enable_single_swstart
                0x080095b8       0x36 C:\Users\user\AppData\Local\V.Micro\Arduino\Builds\MapleWatering\Ardunio_STM32_mapleMini/core.a(adc_f1.c.o)
                0x080095b8                adc_enable_single_swstart
 *fill*         0x080095ee        0x2 
 .text.flash_set_latency
                0x080095f0       0x14 C:\Users\user\AppData\Local\V.Micro\Arduino\Builds\MapleWatering\Ardunio_STM32_mapleMini/core.a(flash.c.o)
                0x080095f0                flash_set_latency
 .text.gpio_init_all
                0x08009604       0x30 C:\Users\user\AppData\Local\V.Micro\Arduino\Builds\MapleWatering\Ardunio_STM32_mapleMini/core.a(gpio_f1.c.o)
                0x08009604                gpio_init_all
 .text.gpio_set_mode
                0x08009634       0x50 C:\Users\user\AppData\Local\V.Micro\Arduino\Builds\MapleWatering\Ardunio_STM32_mapleMini/core.a(gpio_f1.c.o)
                0x08009634                gpio_set_mode
 .text.afio_init
                0x08009684       0x12 C:\Users\user\AppData\Local\V.Micro\Arduino\Builds\MapleWatering\Ardunio_STM32_mapleMini/core.a(gpio_f1.c.o)
                0x08009684                afio_init
 *fill*         0x08009696        0x2 
 .text.iwdg_init
                0x08009698       0x20 C:\Users\user\AppData\Local\V.Micro\Arduino\Builds\MapleWatering\Ardunio_STM32_mapleMini/core.a(iwdg.c.o)
                0x08009698                iwdg_init
 .text.nvic_irq_set_priority
                0x080096b8       0x28 C:\Users\user\AppData\Local\V.Micro\Arduino\Builds\MapleWatering\Ardunio_STM32_mapleMini/core.a(nvic.c.o)
                0x080096b8                nvic_irq_set_priority
 .text.nvic_init
                0x080096e0       0x30 C:\Users\user\AppData\Local\V.Micro\Arduino\Builds\MapleWatering\Ardunio_STM32_mapleMini/core.a(nvic.c.o)
                0x080096e0                nvic_init
 .text.nvic_sys_reset
                0x08009710       0x1c C:\Users\user\AppData\Local\V.Micro\Arduino\Builds\MapleWatering\Ardunio_STM32_mapleMini/core.a(nvic.c.o)
                0x08009710                nvic_sys_reset
 .text.rcc_dev_clk
                0x0800972c        0xc C:\Users\user\AppData\Local\V.Micro\Arduino\Builds\MapleWatering\Ardunio_STM32_mapleMini/core.a(rcc.c.o)
                0x0800972c                rcc_dev_clk
 .text.rcc_switch_sysclk
                0x08009738       0x20 C:\Users\user\AppData\Local\V.Micro\Arduino\Builds\MapleWatering\Ardunio_STM32_mapleMini/core.a(rcc.c.o)
                0x08009738                rcc_switch_sysclk
 .text.rcc_turn_on_clk
                0x08009758       0x1a C:\Users\user\AppData\Local\V.Micro\Arduino\Builds\MapleWatering\Ardunio_STM32_mapleMini/core.a(rcc.c.o)
                0x08009758                rcc_turn_on_clk
 .text.rcc_turn_off_clk
                0x08009772       0x1c C:\Users\user\AppData\Local\V.Micro\Arduino\Builds\MapleWatering\Ardunio_STM32_mapleMini/core.a(rcc.c.o)
                0x08009772                rcc_turn_off_clk
 .text.rcc_is_clk_ready
                0x0800978e       0x18 C:\Users\user\AppData\Local\V.Micro\Arduino\Builds\MapleWatering\Ardunio_STM32_mapleMini/core.a(rcc.c.o)
                0x0800978e                rcc_is_clk_ready
 *fill*         0x080097a6        0x2 
 .text.rcc_configure_pll
                0x080097a8       0x18 C:\Users\user\AppData\Local\V.Micro\Arduino\Builds\MapleWatering\Ardunio_STM32_mapleMini/core.a(rcc_f1.c.o)
                0x080097a8                rcc_configure_pll
 .text.rcc_clk_enable
                0x080097c0       0x30 C:\Users\user\AppData\Local\V.Micro\Arduino\Builds\MapleWatering\Ardunio_STM32_mapleMini/core.a(rcc_f1.c.o)
                0x080097c0                rcc_clk_enable
 .text.rcc_reset_dev
                0x080097f0       0x34 C:\Users\user\AppData\Local\V.Micro\Arduino\Builds\MapleWatering\Ardunio_STM32_mapleMini/core.a(rcc_f1.c.o)
                0x080097f0                rcc_reset_dev
 .text.rcc_set_prescaler
                0x08009824       0x20 C:\Users\user\AppData\Local\V.Micro\Arduino\Builds\MapleWatering\Ardunio_STM32_mapleMini/core.a(rcc_f1.c.o)
                0x08009824                rcc_set_prescaler
 .text.rcc_clk_disable
                0x08009844       0x30 C:\Users\user\AppData\Local\V.Micro\Arduino\Builds\MapleWatering\Ardunio_STM32_mapleMini/core.a(rcc_f1.c.o)
                0x08009844                rcc_clk_disable
 .text.usart_tx
                0x08009874       0x1a C:\Users\user\AppData\Local\V.Micro\Arduino\Builds\MapleWatering\Ardunio_STM32_mapleMini/core.a(usart.c.o)
                0x08009874                usart_tx
 .text.rb_push_insert
                0x0800988e       0x44 C:\Users\user\AppData\Local\V.Micro\Arduino\Builds\MapleWatering\Ardunio_STM32_mapleMini/core.a(usart_f1.c.o)
 *fill*         0x080098d2        0x2 
 .text.__irq_usart1
                0x080098d4       0x1c C:\Users\user\AppData\Local\V.Micro\Arduino\Builds\MapleWatering\Ardunio_STM32_mapleMini/core.a(usart_f1.c.o)
                0x080098d4                __irq_usart1
 .text.__irq_usart2
                0x080098f0       0x1c C:\Users\user\AppData\Local\V.Micro\Arduino\Builds\MapleWatering\Ardunio_STM32_mapleMini/core.a(usart_f1.c.o)
                0x080098f0                __irq_usart2
 .text.__irq_usart3
                0x0800990c       0x1c C:\Users\user\AppData\Local\V.Micro\Arduino\Builds\MapleWatering\Ardunio_STM32_mapleMini/core.a(usart_f1.c.o)
                0x0800990c                __irq_usart3
 .text.usb_resume
                0x08009928       0xb4 C:\Users\user\AppData\Local\V.Micro\Arduino\Builds\MapleWatering\Ardunio_STM32_mapleMini/core.a(usb.c.o)
 .text.usb_init_usblib
                0x080099dc       0x48 C:\Users\user\AppData\Local\V.Micro\Arduino\Builds\MapleWatering\Ardunio_STM32_mapleMini/core.a(usb.c.o)
                0x080099dc                usb_init_usblib
 .text.__irq_usb_lp_can_rx0
                0x08009a24      0x1c8 C:\Users\user\AppData\Local\V.Micro\Arduino\Builds\MapleWatering\Ardunio_STM32_mapleMini/core.a(usb.c.o)
                0x08009a24                __irq_usb_lp_can_rx0
 .text.usb_set_ep_rx_stat
                0x08009bec       0x22 C:\Users\user\AppData\Local\V.Micro\Arduino\Builds\MapleWatering\Ardunio_STM32_mapleMini/core.a(usb_cdcacm.c.o)
 *fill*         0x08009c0e        0x2 
 .text.vcomDataTxCb
                0x08009c10       0x14 C:\Users\user\AppData\Local\V.Micro\Arduino\Builds\MapleWatering\Ardunio_STM32_mapleMini/core.a(usb_cdcacm.c.o)
 .text.vcomGetSetLineCoding
                0x08009c24       0x18 C:\Users\user\AppData\Local\V.Micro\Arduino\Builds\MapleWatering\Ardunio_STM32_mapleMini/core.a(usb_cdcacm.c.o)
 .text.usbDataSetup
                0x08009c3c       0x54 C:\Users\user\AppData\Local\V.Micro\Arduino\Builds\MapleWatering\Ardunio_STM32_mapleMini/core.a(usb_cdcacm.c.o)
 .text.usbNoDataSetup
                0x08009c90       0x50 C:\Users\user\AppData\Local\V.Micro\Arduino\Builds\MapleWatering\Ardunio_STM32_mapleMini/core.a(usb_cdcacm.c.o)
 .text.usbGetInterfaceSetting
                0x08009ce0       0x10 C:\Users\user\AppData\Local\V.Micro\Arduino\Builds\MapleWatering\Ardunio_STM32_mapleMini/core.a(usb_cdcacm.c.o)
 .text.usbSetConfiguration
                0x08009cf0       0x1c C:\Users\user\AppData\Local\V.Micro\Arduino\Builds\MapleWatering\Ardunio_STM32_mapleMini/core.a(usb_cdcacm.c.o)
 .text.usbSetDeviceAddress
                0x08009d0c       0x10 C:\Users\user\AppData\Local\V.Micro\Arduino\Builds\MapleWatering\Ardunio_STM32_mapleMini/core.a(usb_cdcacm.c.o)
 .text.usbGetStringDescriptor
                0x08009d1c       0x20 C:\Users\user\AppData\Local\V.Micro\Arduino\Builds\MapleWatering\Ardunio_STM32_mapleMini/core.a(usb_cdcacm.c.o)
 .text.usbGetConfigDescriptor
                0x08009d3c        0xc C:\Users\user\AppData\Local\V.Micro\Arduino\Builds\MapleWatering\Ardunio_STM32_mapleMini/core.a(usb_cdcacm.c.o)
 .text.usbGetDeviceDescriptor
                0x08009d48        0xc C:\Users\user\AppData\Local\V.Micro\Arduino\Builds\MapleWatering\Ardunio_STM32_mapleMini/core.a(usb_cdcacm.c.o)
 .text.usbInit  0x08009d54       0x44 C:\Users\user\AppData\Local\V.Micro\Arduino\Builds\MapleWatering\Ardunio_STM32_mapleMini/core.a(usb_cdcacm.c.o)
 .text.vcomDataRxCb
                0x08009d98       0x98 C:\Users\user\AppData\Local\V.Micro\Arduino\Builds\MapleWatering\Ardunio_STM32_mapleMini/core.a(usb_cdcacm.c.o)
 .text.usbReset
                0x08009e30      0x158 C:\Users\user\AppData\Local\V.Micro\Arduino\Builds\MapleWatering\Ardunio_STM32_mapleMini/core.a(usb_cdcacm.c.o)
 .text.usb_cdcacm_set_hooks
                0x08009f88       0x1c C:\Users\user\AppData\Local\V.Micro\Arduino\Builds\MapleWatering\Ardunio_STM32_mapleMini/core.a(usb_cdcacm.c.o)
                0x08009f88                usb_cdcacm_set_hooks
 .text.usb_cdcacm_enable
                0x08009fa4       0x34 C:\Users\user\AppData\Local\V.Micro\Arduino\Builds\MapleWatering\Ardunio_STM32_mapleMini/core.a(usb_cdcacm.c.o)
                0x08009fa4                usb_cdcacm_enable
 .text.usb_cdcacm_tx
                0x08009fd8       0x60 C:\Users\user\AppData\Local\V.Micro\Arduino\Builds\MapleWatering\Ardunio_STM32_mapleMini/core.a(usb_cdcacm.c.o)
                0x08009fd8                usb_cdcacm_tx
 .text.usb_cdcacm_data_available
                0x0800a038        0xc C:\Users\user\AppData\Local\V.Micro\Arduino\Builds\MapleWatering\Ardunio_STM32_mapleMini/core.a(usb_cdcacm.c.o)
                0x0800a038                usb_cdcacm_data_available
 .text.usb_cdcacm_is_transmitting
                0x0800a044        0xc C:\Users\user\AppData\Local\V.Micro\Arduino\Builds\MapleWatering\Ardunio_STM32_mapleMini/core.a(usb_cdcacm.c.o)
                0x0800a044                usb_cdcacm_is_transmitting
 .text.usb_cdcacm_peek
                0x0800a050       0x38 C:\Users\user\AppData\Local\V.Micro\Arduino\Builds\MapleWatering\Ardunio_STM32_mapleMini/core.a(usb_cdcacm.c.o)
                0x0800a050                usb_cdcacm_peek
 .text.usb_cdcacm_rx
                0x0800a088       0x44 C:\Users\user\AppData\Local\V.Micro\Arduino\Builds\MapleWatering\Ardunio_STM32_mapleMini/core.a(usb_cdcacm.c.o)
                0x0800a088                usb_cdcacm_rx
 .text.usb_cdcacm_peek_ex
                0x0800a0cc       0x44 C:\Users\user\AppData\Local\V.Micro\Arduino\Builds\MapleWatering\Ardunio_STM32_mapleMini/core.a(usb_cdcacm.c.o)
                0x0800a0cc                usb_cdcacm_peek_ex
 .text.usb_cdcacm_get_dtr
                0x0800a110       0x10 C:\Users\user\AppData\Local\V.Micro\Arduino\Builds\MapleWatering\Ardunio_STM32_mapleMini/core.a(usb_cdcacm.c.o)
                0x0800a110                usb_cdcacm_get_dtr
 .text.usb_cdcacm_get_baud
                0x0800a120        0xc C:\Users\user\AppData\Local\V.Micro\Arduino\Builds\MapleWatering\Ardunio_STM32_mapleMini/core.a(usb_cdcacm.c.o)
                0x0800a120                usb_cdcacm_get_baud
 .text.usb_set_ep_rx_count_common
                0x0800a12c       0x26 C:\Users\user\AppData\Local\V.Micro\Arduino\Builds\MapleWatering\Ardunio_STM32_mapleMini/core.a(usb_reg_map.c.o)
 .text.usb_copy_to_pma
                0x0800a152       0x3e C:\Users\user\AppData\Local\V.Micro\Arduino\Builds\MapleWatering\Ardunio_STM32_mapleMini/core.a(usb_reg_map.c.o)
                0x0800a152                usb_copy_to_pma
 .text.usb_copy_from_pma
                0x0800a190       0x30 C:\Users\user\AppData\Local\V.Micro\Arduino\Builds\MapleWatering\Ardunio_STM32_mapleMini/core.a(usb_reg_map.c.o)
                0x0800a190                usb_copy_from_pma
 .text.usb_set_ep_rx_count
                0x0800a1c0       0x1c C:\Users\user\AppData\Local\V.Micro\Arduino\Builds\MapleWatering\Ardunio_STM32_mapleMini/core.a(usb_reg_map.c.o)
                0x0800a1c0                usb_set_ep_rx_count
 .text.Standard_GetConfiguration
                0x0800a1dc       0x24 C:\Users\user\AppData\Local\V.Micro\Arduino\Builds\MapleWatering\Ardunio_STM32_mapleMini/core.a(usb_core.c.o)
                0x0800a1dc                Standard_GetConfiguration
 .text.Standard_GetInterface
                0x0800a200       0x24 C:\Users\user\AppData\Local\V.Micro\Arduino\Builds\MapleWatering\Ardunio_STM32_mapleMini/core.a(usb_core.c.o)
                0x0800a200                Standard_GetInterface
 .text.Standard_GetStatus
                0x0800a224       0x90 C:\Users\user\AppData\Local\V.Micro\Arduino\Builds\MapleWatering\Ardunio_STM32_mapleMini/core.a(usb_core.c.o)
                0x0800a224                Standard_GetStatus
 .text.DataStageIn
                0x0800a2b4       0xa8 C:\Users\user\AppData\Local\V.Micro\Arduino\Builds\MapleWatering\Ardunio_STM32_mapleMini/core.a(usb_core.c.o)
 .text.Standard_SetConfiguration
                0x0800a35c       0x38 C:\Users\user\AppData\Local\V.Micro\Arduino\Builds\MapleWatering\Ardunio_STM32_mapleMini/core.a(usb_core.c.o)
                0x0800a35c                Standard_SetConfiguration
 .text.Standard_SetInterface
                0x0800a394       0x48 C:\Users\user\AppData\Local\V.Micro\Arduino\Builds\MapleWatering\Ardunio_STM32_mapleMini/core.a(usb_core.c.o)
                0x0800a394                Standard_SetInterface
 .text.Standard_ClearFeature
                0x0800a3dc       0xd0 C:\Users\user\AppData\Local\V.Micro\Arduino\Builds\MapleWatering\Ardunio_STM32_mapleMini/core.a(usb_core.c.o)
                0x0800a3dc                Standard_ClearFeature
 .text.Standard_SetEndPointFeature
                0x0800a4ac       0x84 C:\Users\user\AppData\Local\V.Micro\Arduino\Builds\MapleWatering\Ardunio_STM32_mapleMini/core.a(usb_core.c.o)
                0x0800a4ac                Standard_SetEndPointFeature
 .text.Standard_SetDeviceFeature
                0x0800a530       0x24 C:\Users\user\AppData\Local\V.Micro\Arduino\Builds\MapleWatering\Ardunio_STM32_mapleMini/core.a(usb_core.c.o)
                0x0800a530                Standard_SetDeviceFeature
 .text.Standard_GetDescriptorData
                0x0800a554       0x1c C:\Users\user\AppData\Local\V.Micro\Arduino\Builds\MapleWatering\Ardunio_STM32_mapleMini/core.a(usb_core.c.o)
                0x0800a554                Standard_GetDescriptorData
 .text.Post0_Process
                0x0800a570       0x40 C:\Users\user\AppData\Local\V.Micro\Arduino\Builds\MapleWatering\Ardunio_STM32_mapleMini/core.a(usb_core.c.o)
                0x0800a570                Post0_Process
 .text.Setup0_Process
                0x0800a5b0      0x2e8 C:\Users\user\AppData\Local\V.Micro\Arduino\Builds\MapleWatering\Ardunio_STM32_mapleMini/core.a(usb_core.c.o)
                0x0800a5b0                Setup0_Process
 .text.Out0_Process
                0x0800a898       0xc8 C:\Users\user\AppData\Local\V.Micro\Arduino\Builds\MapleWatering\Ardunio_STM32_mapleMini/core.a(usb_core.c.o)
                0x0800a898                Out0_Process
 .text.SetDeviceAddress
                0x0800a960       0x38 C:\Users\user\AppData\Local\V.Micro\Arduino\Builds\MapleWatering\Ardunio_STM32_mapleMini/core.a(usb_core.c.o)
                0x0800a960                SetDeviceAddress
 .text.In0_Process
                0x0800a998       0x5c C:\Users\user\AppData\Local\V.Micro\Arduino\Builds\MapleWatering\Ardunio_STM32_mapleMini/core.a(usb_core.c.o)
                0x0800a998                In0_Process
 .text.NOP_Process
                0x0800a9f4        0x2 C:\Users\user\AppData\Local\V.Micro\Arduino\Builds\MapleWatering\Ardunio_STM32_mapleMini/core.a(usb_core.c.o)
                0x0800a9f4                NOP_Process
 .text.UserToPMABufferCopy
                0x0800a9f6       0x30 C:\Users\user\AppData\Local\V.Micro\Arduino\Builds\MapleWatering\Ardunio_STM32_mapleMini/core.a(usb_mem.c.o)
                0x0800a9f6                UserToPMABufferCopy
 .text.PMAToUserBufferCopy
                0x0800aa26       0x24 C:\Users\user\AppData\Local\V.Micro\Arduino\Builds\MapleWatering\Ardunio_STM32_mapleMini/core.a(usb_mem.c.o)
                0x0800aa26                PMAToUserBufferCopy
 .text.SetEPTxStatus
                0x0800aa4a       0x2a C:\Users\user\AppData\Local\V.Micro\Arduino\Builds\MapleWatering\Ardunio_STM32_mapleMini/core.a(usb_regs.c.o)
                0x0800aa4a                SetEPTxStatus
 .text.ClearDTOG_RX
                0x0800aa74       0x20 C:\Users\user\AppData\Local\V.Micro\Arduino\Builds\MapleWatering\Ardunio_STM32_mapleMini/core.a(usb_regs.c.o)
                0x0800aa74                ClearDTOG_RX
 .text.ClearDTOG_TX
                0x0800aa94       0x20 C:\Users\user\AppData\Local\V.Micro\Arduino\Builds\MapleWatering\Ardunio_STM32_mapleMini/core.a(usb_regs.c.o)
                0x0800aa94                ClearDTOG_TX
 .text.GetEPTxAddr
                0x0800aab4       0x1c C:\Users\user\AppData\Local\V.Micro\Arduino\Builds\MapleWatering\Ardunio_STM32_mapleMini/core.a(usb_regs.c.o)
                0x0800aab4                GetEPTxAddr
 .text.GetEPRxAddr
                0x0800aad0       0x1c C:\Users\user\AppData\Local\V.Micro\Arduino\Builds\MapleWatering\Ardunio_STM32_mapleMini/core.a(usb_regs.c.o)
                0x0800aad0                GetEPRxAddr
 .text.SetEPTxCount
                0x0800aaec       0x1c C:\Users\user\AppData\Local\V.Micro\Arduino\Builds\MapleWatering\Ardunio_STM32_mapleMini/core.a(usb_regs.c.o)
                0x0800aaec                SetEPTxCount
 .text.SetEPRxCount
                0x0800ab08       0x40 C:\Users\user\AppData\Local\V.Micro\Arduino\Builds\MapleWatering\Ardunio_STM32_mapleMini/core.a(usb_regs.c.o)
                0x0800ab08                SetEPRxCount
 .text.ByteSwap
                0x0800ab48        0xa C:\Users\user\AppData\Local\V.Micro\Arduino\Builds\MapleWatering\Ardunio_STM32_mapleMini/core.a(usb_regs.c.o)
                0x0800ab48                ByteSwap
 .text._ZN14HardwareSerial4readEv
                0x0800ab52       0x2c C:\Users\user\AppData\Local\V.Micro\Arduino\Builds\MapleWatering\Ardunio_STM32_mapleMini/core.a(HardwareSerial.cpp.o)
                0x0800ab52                HardwareSerial::read()
 .text._ZN14HardwareSerial9availableEv
                0x0800ab7e       0x26 C:\Users\user\AppData\Local\V.Micro\Arduino\Builds\MapleWatering\Ardunio_STM32_mapleMini/core.a(HardwareSerial.cpp.o)
                0x0800ab7e                HardwareSerial::available()
 .text._ZN14HardwareSerial4peekEv
                0x0800aba4       0x18 C:\Users\user\AppData\Local\V.Micro\Arduino\Builds\MapleWatering\Ardunio_STM32_mapleMini/core.a(HardwareSerial.cpp.o)
                0x0800aba4                HardwareSerial::peek()
 .text._ZN14HardwareSerial5flushEv
                0x0800abbc        0xa C:\Users\user\AppData\Local\V.Micro\Arduino\Builds\MapleWatering\Ardunio_STM32_mapleMini/core.a(HardwareSerial.cpp.o)
                0x0800abbc                HardwareSerial::flush()
 .text._ZN14HardwareSerial5writeEh
                0x0800abc6       0x1e C:\Users\user\AppData\Local\V.Micro\Arduino\Builds\MapleWatering\Ardunio_STM32_mapleMini/core.a(HardwareSerial.cpp.o)
                0x0800abc6                HardwareSerial::write(unsigned char)
 .text._ZN14HardwareSerialC2EP9usart_devhh
                0x0800abe4       0x1c C:\Users\user\AppData\Local\V.Micro\Arduino\Builds\MapleWatering\Ardunio_STM32_mapleMini/core.a(HardwareSerial.cpp.o)
                0x0800abe4                HardwareSerial::HardwareSerial(usart_dev*, unsigned char, unsigned char)
                0x0800abe4                HardwareSerial::HardwareSerial(usart_dev*, unsigned char, unsigned char)
 .text._Z17disableDebugPortsv
                0x0800ac00       0x14 C:\Users\user\AppData\Local\V.Micro\Arduino\Builds\MapleWatering\Ardunio_STM32_mapleMini/core.a(wirish_debug.cpp.o)
                0x0800ac00                disableDebugPorts()
 .text.gpio_init
                0x0800ac14       0x14 C:\Users\user\AppData\Local\V.Micro\Arduino\Builds\MapleWatering\Ardunio_STM32_mapleMini/core.a(gpio.c.o)
                0x0800ac14                gpio_init
 .text.__cxa_guard_acquire
                0x0800ac28       0x38 c:/users/user/appdata/local/arduino15/packages/arduino/tools/arm-none-eabi-gcc/4.8.3-2014q1/bin/../lib/gcc/arm-none-eabi/4.8.3/../../../../arm-none-eabi/lib/armv7-m\libstdc++.a(guard.o)
                0x0800ac28                __cxa_guard_acquire
 .text.__cxa_guard_release
                0x0800ac60        0x8 c:/users/user/appdata/local/arduino15/packages/arduino/tools/arm-none-eabi-gcc/4.8.3-2014q1/bin/../lib/gcc/arm-none-eabi/4.8.3/../../../../arm-none-eabi/lib/armv7-m\libstdc++.a(guard.o)
                0x0800ac60                __cxa_guard_release
 .text._ZL23__gxx_exception_cleanup19_Unwind_Reason_CodeP21_Unwind_Control_Block
                0x0800ac68       0x44 c:/users/user/appdata/local/arduino15/packages/arduino/tools/arm-none-eabi-gcc/4.8.3-2014q1/bin/../lib/gcc/arm-none-eabi/4.8.3/../../../../arm-none-eabi/lib/armv7-m\libstdc++.a(eh_throw.o)
 .text.__cxa_throw
                0x0800acac       0x90 c:/users/user/appdata/local/arduino15/packages/arduino/tools/arm-none-eabi-gcc/4.8.3-2014q1/bin/../lib/gcc/arm-none-eabi/4.8.3/../../../../arm-none-eabi/lib/armv7-m\libstdc++.a(eh_throw.o)
                0x0800acac                __cxa_throw
 .text.__cxa_rethrow
                0x0800ad3c       0x70 c:/users/user/appdata/local/arduino15/packages/arduino/tools/arm-none-eabi-gcc/4.8.3-2014q1/bin/../lib/gcc/arm-none-eabi/4.8.3/../../../../arm-none-eabi/lib/armv7-m\libstdc++.a(eh_throw.o)
                0x0800ad3c                __cxa_rethrow
 .text.__aeabi_atexit
                0x0800adac        0xc c:/users/user/appdata/local/arduino15/packages/arduino/tools/arm-none-eabi-gcc/4.8.3-2014q1/bin/../lib/gcc/arm-none-eabi/4.8.3/../../../../arm-none-eabi/lib/armv7-m\libstdc++.a(atexit_arm.o)
                0x0800adac                __aeabi_atexit
 .text._ZN9__gnu_cxx20recursive_init_errorD2Ev
                0x0800adb8       0x14 c:/users/user/appdata/local/arduino15/packages/arduino/tools/arm-none-eabi-gcc/4.8.3-2014q1/bin/../lib/gcc/arm-none-eabi/4.8.3/../../../../arm-none-eabi/lib/armv7-m\libstdc++.a(guard_error.o)
                0x0800adb8                __gnu_cxx::recursive_init_error::~recursive_init_error()
                0x0800adb8                __gnu_cxx::recursive_init_error::~recursive_init_error()
 .text._ZN9__gnu_cxx20recursive_init_errorD0Ev
                0x0800adcc       0x1c c:/users/user/appdata/local/arduino15/packages/arduino/tools/arm-none-eabi-gcc/4.8.3-2014q1/bin/../lib/gcc/arm-none-eabi/4.8.3/../../../../arm-none-eabi/lib/armv7-m\libstdc++.a(guard_error.o)
                0x0800adcc                __gnu_cxx::recursive_init_error::~recursive_init_error()
 .text._ZNSt9exceptionD2Ev
                0x0800ade8        0xc c:/users/user/appdata/local/arduino15/packages/arduino/tools/arm-none-eabi-gcc/4.8.3-2014q1/bin/../lib/gcc/arm-none-eabi/4.8.3/../../../../arm-none-eabi/lib/armv7-m\libstdc++.a(eh_exception.o)
                0x0800ade8                std::exception::~exception()
                0x0800ade8                std::exception::~exception()
 .text._ZNSt13bad_exceptionD2Ev
                0x0800adf4        0xc c:/users/user/appdata/local/arduino15/packages/arduino/tools/arm-none-eabi-gcc/4.8.3-2014q1/bin/../lib/gcc/arm-none-eabi/4.8.3/../../../../arm-none-eabi/lib/armv7-m\libstdc++.a(eh_exception.o)
                0x0800adf4                std::bad_exception::~bad_exception()
                0x0800adf4                std::bad_exception::~bad_exception()
 .text._ZNKSt9exception4whatEv
                0x0800ae00        0x8 c:/users/user/appdata/local/arduino15/packages/arduino/tools/arm-none-eabi-gcc/4.8.3-2014q1/bin/../lib/gcc/arm-none-eabi/4.8.3/../../../../arm-none-eabi/lib/armv7-m\libstdc++.a(eh_exception.o)
                0x0800ae00                std::exception::what() const
 .text._ZNKSt13bad_exception4whatEv
                0x0800ae08        0x8 c:/users/user/appdata/local/arduino15/packages/arduino/tools/arm-none-eabi-gcc/4.8.3-2014q1/bin/../lib/gcc/arm-none-eabi/4.8.3/../../../../arm-none-eabi/lib/armv7-m\libstdc++.a(eh_exception.o)
                0x0800ae08                std::bad_exception::what() const
 .text._ZNSt9exceptionD0Ev
                0x0800ae10       0x14 c:/users/user/appdata/local/arduino15/packages/arduino/tools/arm-none-eabi-gcc/4.8.3-2014q1/bin/../lib/gcc/arm-none-eabi/4.8.3/../../../../arm-none-eabi/lib/armv7-m\libstdc++.a(eh_exception.o)
                0x0800ae10                std::exception::~exception()
 .text._ZNSt13bad_exceptionD0Ev
                0x0800ae24       0x14 c:/users/user/appdata/local/arduino15/packages/arduino/tools/arm-none-eabi-gcc/4.8.3-2014q1/bin/../lib/gcc/arm-none-eabi/4.8.3/../../../../arm-none-eabi/lib/armv7-m\libstdc++.a(eh_exception.o)
                0x0800ae24                std::bad_exception::~bad_exception()
 .text._ZdlPv   0x0800ae38        0x8 c:/users/user/appdata/local/arduino15/packages/arduino/tools/arm-none-eabi-gcc/4.8.3-2014q1/bin/../lib/gcc/arm-none-eabi/4.8.3/../../../../arm-none-eabi/lib/armv7-m\libstdc++.a(del_op.o)
                0x0800ae38                operator delete(void*)
 .text._ZNK10__cxxabiv117__class_type_info11__do_upcastEPKS0_PPv
                0x0800ae40       0x38 c:/users/user/appdata/local/arduino15/packages/arduino/tools/arm-none-eabi-gcc/4.8.3-2014q1/bin/../lib/gcc/arm-none-eabi/4.8.3/../../../../arm-none-eabi/lib/armv7-m\libstdc++.a(class_type_info.o)
                0x0800ae40                __cxxabiv1::__class_type_info::__do_upcast(__cxxabiv1::__class_type_info const*, void**) const
 .text._ZNK10__cxxabiv117__class_type_info20__do_find_public_srcEiPKvPKS0_S2_
                0x0800ae78        0xc c:/users/user/appdata/local/arduino15/packages/arduino/tools/arm-none-eabi-gcc/4.8.3-2014q1/bin/../lib/gcc/arm-none-eabi/4.8.3/../../../../arm-none-eabi/lib/armv7-m\libstdc++.a(class_type_info.o)
                0x0800ae78                __cxxabiv1::__class_type_info::__do_find_public_src(int, void const*, __cxxabiv1::__class_type_info const*, void const*) const
 .text._ZN10__cxxabiv117__class_type_infoD2Ev
                0x0800ae84       0x14 c:/users/user/appdata/local/arduino15/packages/arduino/tools/arm-none-eabi-gcc/4.8.3-2014q1/bin/../lib/gcc/arm-none-eabi/4.8.3/../../../../arm-none-eabi/lib/armv7-m\libstdc++.a(class_type_info.o)
                0x0800ae84                __cxxabiv1::__class_type_info::~__class_type_info()
                0x0800ae84                __cxxabiv1::__class_type_info::~__class_type_info()
 .text._ZN10__cxxabiv117__class_type_infoD0Ev
                0x0800ae98       0x1c c:/users/user/appdata/local/arduino15/packages/arduino/tools/arm-none-eabi-gcc/4.8.3-2014q1/bin/../lib/gcc/arm-none-eabi/4.8.3/../../../../arm-none-eabi/lib/armv7-m\libstdc++.a(class_type_info.o)
                0x0800ae98                __cxxabiv1::__class_type_info::~__class_type_info()
 .text._ZNK10__cxxabiv117__class_type_info11__do_upcastEPKS0_PKvRNS0_15__upcast_resultE
                0x0800aeb4       0x18 c:/users/user/appdata/local/arduino15/packages/arduino/tools/arm-none-eabi-gcc/4.8.3-2014q1/bin/../lib/gcc/arm-none-eabi/4.8.3/../../../../arm-none-eabi/lib/armv7-m\libstdc++.a(class_type_info.o)
                0x0800aeb4                __cxxabiv1::__class_type_info::__do_upcast(__cxxabiv1::__class_type_info const*, void const*, __cxxabiv1::__class_type_info::__upcast_result&) const
 .text._ZNK10__cxxabiv117__class_type_info10__do_catchEPKSt9type_infoPPvj
                0x0800aecc       0x24 c:/users/user/appdata/local/arduino15/packages/arduino/tools/arm-none-eabi-gcc/4.8.3-2014q1/bin/../lib/gcc/arm-none-eabi/4.8.3/../../../../arm-none-eabi/lib/armv7-m\libstdc++.a(class_type_info.o)
                0x0800aecc                __cxxabiv1::__class_type_info::__do_catch(std::type_info const*, void**, unsigned int) const
 .text._ZNK10__cxxabiv117__class_type_info12__do_dyncastEiNS0_10__sub_kindEPKS0_PKvS3_S5_RNS0_16__dyncast_resultE
                0x0800aef0       0x40 c:/users/user/appdata/local/arduino15/packages/arduino/tools/arm-none-eabi-gcc/4.8.3-2014q1/bin/../lib/gcc/arm-none-eabi/4.8.3/../../../../arm-none-eabi/lib/armv7-m\libstdc++.a(class_type_info.o)
                0x0800aef0                __cxxabiv1::__class_type_info::__do_dyncast(int, __cxxabiv1::__class_type_info::__sub_kind, __cxxabiv1::__class_type_info const*, void const*, __cxxabiv1::__class_type_info const*, void const*, __cxxabiv1::__class_type_info::__dyncast_result&) const
 .text.__cxa_allocate_exception
                0x0800af30       0x58 c:/users/user/appdata/local/arduino15/packages/arduino/tools/arm-none-eabi-gcc/4.8.3-2014q1/bin/../lib/gcc/arm-none-eabi/4.8.3/../../../../arm-none-eabi/lib/armv7-m\libstdc++.a(eh_alloc.o)
                0x0800af30                __cxa_allocate_exception
 .text.__cxa_free_exception
                0x0800af88       0x34 c:/users/user/appdata/local/arduino15/packages/arduino/tools/arm-none-eabi-gcc/4.8.3-2014q1/bin/../lib/gcc/arm-none-eabi/4.8.3/../../../../arm-none-eabi/lib/armv7-m\libstdc++.a(eh_alloc.o)
                0x0800af88                __cxa_free_exception
 .text._ZN10__cxxabiv120__si_class_type_infoD2Ev
                0x0800afbc       0x14 c:/users/user/appdata/local/arduino15/packages/arduino/tools/arm-none-eabi-gcc/4.8.3-2014q1/bin/../lib/gcc/arm-none-eabi/4.8.3/../../../../arm-none-eabi/lib/armv7-m\libstdc++.a(si_class_type_info.o)
                0x0800afbc                __cxxabiv1::__si_class_type_info::~__si_class_type_info()
                0x0800afbc                __cxxabiv1::__si_class_type_info::~__si_class_type_info()
 .text._ZN10__cxxabiv120__si_class_type_infoD0Ev
                0x0800afd0       0x1c c:/users/user/appdata/local/arduino15/packages/arduino/tools/arm-none-eabi-gcc/4.8.3-2014q1/bin/../lib/gcc/arm-none-eabi/4.8.3/../../../../arm-none-eabi/lib/armv7-m\libstdc++.a(si_class_type_info.o)
                0x0800afd0                __cxxabiv1::__si_class_type_info::~__si_class_type_info()
 .text._ZNK10__cxxabiv120__si_class_type_info20__do_find_public_srcEiPKvPKNS_17__class_type_infoES2_
                0x0800afec       0x34 c:/users/user/appdata/local/arduino15/packages/arduino/tools/arm-none-eabi-gcc/4.8.3-2014q1/bin/../lib/gcc/arm-none-eabi/4.8.3/../../../../arm-none-eabi/lib/armv7-m\libstdc++.a(si_class_type_info.o)
                0x0800afec                __cxxabiv1::__si_class_type_info::__do_find_public_src(int, void const*, __cxxabiv1::__class_type_info const*, void const*) const
 .text._ZNK10__cxxabiv120__si_class_type_info12__do_dyncastEiNS_17__class_type_info10__sub_kindEPKS1_PKvS4_S6_RNS1_16__dyncast_resultE
                0x0800b020       0x98 c:/users/user/appdata/local/arduino15/packages/arduino/tools/arm-none-eabi-gcc/4.8.3-2014q1/bin/../lib/gcc/arm-none-eabi/4.8.3/../../../../arm-none-eabi/lib/armv7-m\libstdc++.a(si_class_type_info.o)
                0x0800b020                __cxxabiv1::__si_class_type_info::__do_dyncast(int, __cxxabiv1::__class_type_info::__sub_kind, __cxxabiv1::__class_type_info const*, void const*, __cxxabiv1::__class_type_info const*, void const*, __cxxabiv1::__class_type_info::__dyncast_result&) const
 .text._ZNK10__cxxabiv120__si_class_type_info11__do_upcastEPKNS_17__class_type_infoEPKvRNS1_15__upcast_resultE
                0x0800b0b8       0x20 c:/users/user/appdata/local/arduino15/packages/arduino/tools/arm-none-eabi-gcc/4.8.3-2014q1/bin/../lib/gcc/arm-none-eabi/4.8.3/../../../../arm-none-eabi/lib/armv7-m\libstdc++.a(si_class_type_info.o)
                0x0800b0b8                __cxxabiv1::__si_class_type_info::__do_upcast(__cxxabiv1::__class_type_info const*, void const*, __cxxabiv1::__class_type_info::__upcast_result&) const
 .text._ZN10__cxxabiv111__terminateEPFvvE
                0x0800b0d8       0x28 c:/users/user/appdata/local/arduino15/packages/arduino/tools/arm-none-eabi-gcc/4.8.3-2014q1/bin/../lib/gcc/arm-none-eabi/4.8.3/../../../../arm-none-eabi/lib/armv7-m\libstdc++.a(eh_terminate.o)
                0x0800b0d8                __cxxabiv1::__terminate(void (*)())
 .text._ZSt9terminatev
                0x0800b100       0x10 c:/users/user/appdata/local/arduino15/packages/arduino/tools/arm-none-eabi-gcc/4.8.3-2014q1/bin/../lib/gcc/arm-none-eabi/4.8.3/../../../../arm-none-eabi/lib/armv7-m\libstdc++.a(eh_terminate.o)
                0x0800b100                std::terminate()
 .text._ZN10__cxxabiv112__unexpectedEPFvvE
                0x0800b110        0x8 c:/users/user/appdata/local/arduino15/packages/arduino/tools/arm-none-eabi-gcc/4.8.3-2014q1/bin/../lib/gcc/arm-none-eabi/4.8.3/../../../../arm-none-eabi/lib/armv7-m\libstdc++.a(eh_terminate.o)
                0x0800b110                __cxxabiv1::__unexpected(void (*)())
 .text._ZSt10unexpectedv
                0x0800b118       0x10 c:/users/user/appdata/local/arduino15/packages/arduino/tools/arm-none-eabi-gcc/4.8.3-2014q1/bin/../lib/gcc/arm-none-eabi/4.8.3/../../../../arm-none-eabi/lib/armv7-m\libstdc++.a(eh_terminate.o)
                0x0800b118                std::unexpected()
 .text.__cxa_get_globals_fast
                0x0800b128        0x8 c:/users/user/appdata/local/arduino15/packages/arduino/tools/arm-none-eabi-gcc/4.8.3-2014q1/bin/../lib/gcc/arm-none-eabi/4.8.3/../../../../arm-none-eabi/lib/armv7-m\libstdc++.a(eh_globals.o)
                0x0800b128                __cxa_get_globals_fast
 .text.__cxa_get_globals
                0x0800b130        0x8 c:/users/user/appdata/local/arduino15/packages/arduino/tools/arm-none-eabi-gcc/4.8.3-2014q1/bin/../lib/gcc/arm-none-eabi/4.8.3/../../../../arm-none-eabi/lib/armv7-m\libstdc++.a(eh_globals.o)
                0x0800b130                __cxa_get_globals
 .text._ZN9__gnu_cxx27__verbose_terminate_handlerEv
                0x0800b138      0x114 c:/users/user/appdata/local/arduino15/packages/arduino/tools/arm-none-eabi-gcc/4.8.3-2014q1/bin/../lib/gcc/arm-none-eabi/4.8.3/../../../../arm-none-eabi/lib/armv7-m\libstdc++.a(vterminate.o)
                0x0800b138                __gnu_cxx::__verbose_terminate_handler()
 .text.__cxa_begin_catch
                0x0800b24c       0x8c c:/users/user/appdata/local/arduino15/packages/arduino/tools/arm-none-eabi-gcc/4.8.3-2014q1/bin/../lib/gcc/arm-none-eabi/4.8.3/../../../../arm-none-eabi/lib/armv7-m\libstdc++.a(eh_catch.o)
                0x0800b24c                __cxa_begin_catch
 .text.__cxa_end_catch
                0x0800b2d8       0x8c c:/users/user/appdata/local/arduino15/packages/arduino/tools/arm-none-eabi-gcc/4.8.3-2014q1/bin/../lib/gcc/arm-none-eabi/4.8.3/../../../../arm-none-eabi/lib/armv7-m\libstdc++.a(eh_catch.o)
                0x0800b2d8                __cxa_end_catch
 .text._ZNSt9type_infoD2Ev
                0x0800b364        0xc c:/users/user/appdata/local/arduino15/packages/arduino/tools/arm-none-eabi-gcc/4.8.3-2014q1/bin/../lib/gcc/arm-none-eabi/4.8.3/../../../../arm-none-eabi/lib/armv7-m\libstdc++.a(tinfo.o)
                0x0800b364                std::type_info::~type_info()
                0x0800b364                std::type_info::~type_info()
 .text._ZNKSt9type_info14__is_pointer_pEv
                0x0800b370        0x4 c:/users/user/appdata/local/arduino15/packages/arduino/tools/arm-none-eabi-gcc/4.8.3-2014q1/bin/../lib/gcc/arm-none-eabi/4.8.3/../../../../arm-none-eabi/lib/armv7-m\libstdc++.a(tinfo.o)
                0x0800b370                std::type_info::__is_pointer_p() const
 .text._ZNKSt9type_info15__is_function_pEv
                0x0800b374        0x4 c:/users/user/appdata/local/arduino15/packages/arduino/tools/arm-none-eabi-gcc/4.8.3-2014q1/bin/../lib/gcc/arm-none-eabi/4.8.3/../../../../arm-none-eabi/lib/armv7-m\libstdc++.a(tinfo.o)
                0x0800b374                std::type_info::__is_function_p() const
 .text._ZNKSt9type_info11__do_upcastEPKN10__cxxabiv117__class_type_infoEPPv
                0x0800b378        0x4 c:/users/user/appdata/local/arduino15/packages/arduino/tools/arm-none-eabi-gcc/4.8.3-2014q1/bin/../lib/gcc/arm-none-eabi/4.8.3/../../../../arm-none-eabi/lib/armv7-m\libstdc++.a(tinfo.o)
                0x0800b378                std::type_info::__do_upcast(__cxxabiv1::__class_type_info const*, void**) const
 .text._ZNSt9type_infoD0Ev
                0x0800b37c       0x14 c:/users/user/appdata/local/arduino15/packages/arduino/tools/arm-none-eabi-gcc/4.8.3-2014q1/bin/../lib/gcc/arm-none-eabi/4.8.3/../../../../arm-none-eabi/lib/armv7-m\libstdc++.a(tinfo.o)
                0x0800b37c                std::type_info::~type_info()
 .text._ZNKSt9type_infoeqERKS_
                0x0800b390       0x30 c:/users/user/appdata/local/arduino15/packages/arduino/tools/arm-none-eabi-gcc/4.8.3-2014q1/bin/../lib/gcc/arm-none-eabi/4.8.3/../../../../arm-none-eabi/lib/armv7-m\libstdc++.a(tinfo.o)
                0x0800b390                std::type_info::operator==(std::type_info const&) const
 .text._ZNKSt9type_info10__do_catchEPKS_PPvj
                0x0800b3c0        0x4 c:/users/user/appdata/local/arduino15/packages/arduino/tools/arm-none-eabi-gcc/4.8.3-2014q1/bin/../lib/gcc/arm-none-eabi/4.8.3/../../../../arm-none-eabi/lib/armv7-m\libstdc++.a(tinfo.o)
                0x0800b3c0                std::type_info::__do_catch(std::type_info const*, void**, unsigned int) const
 .text.__cxa_end_cleanup
                0x0800b3c4        0xc c:/users/user/appdata/local/arduino15/packages/arduino/tools/arm-none-eabi-gcc/4.8.3-2014q1/bin/../lib/gcc/arm-none-eabi/4.8.3/../../../../arm-none-eabi/lib/armv7-m\libstdc++.a(eh_arm.o)
                0x0800b3c4                __cxa_end_cleanup
 .text.__cxa_type_match
                0x0800b3d0       0xac c:/users/user/appdata/local/arduino15/packages/arduino/tools/arm-none-eabi-gcc/4.8.3-2014q1/bin/../lib/gcc/arm-none-eabi/4.8.3/../../../../arm-none-eabi/lib/armv7-m\libstdc++.a(eh_arm.o)
                0x0800b3d0                __cxa_type_match
 .text.__cxa_begin_cleanup
                0x0800b47c       0x64 c:/users/user/appdata/local/arduino15/packages/arduino/tools/arm-none-eabi-gcc/4.8.3-2014q1/bin/../lib/gcc/arm-none-eabi/4.8.3/../../../../arm-none-eabi/lib/armv7-m\libstdc++.a(eh_arm.o)
                0x0800b47c                __cxa_begin_cleanup
 .text.__gnu_end_cleanup
                0x0800b4e0       0x70 c:/users/user/appdata/local/arduino15/packages/arduino/tools/arm-none-eabi-gcc/4.8.3-2014q1/bin/../lib/gcc/arm-none-eabi/4.8.3/../../../../arm-none-eabi/lib/armv7-m\libstdc++.a(eh_arm.o)
                0x0800b4e0                __gnu_end_cleanup
 .text.__cxa_current_exception_type
                0x0800b550       0x1c c:/users/user/appdata/local/arduino15/packages/arduino/tools/arm-none-eabi-gcc/4.8.3-2014q1/bin/../lib/gcc/arm-none-eabi/4.8.3/../../../../arm-none-eabi/lib/armv7-m\libstdc++.a(eh_type.o)
                0x0800b550                __cxa_current_exception_type
 .text          0x0800b56c     0x57a0 c:/users/user/appdata/local/arduino15/packages/arduino/tools/arm-none-eabi-gcc/4.8.3-2014q1/bin/../lib/gcc/arm-none-eabi/4.8.3/../../../../arm-none-eabi/lib/armv7-m\libstdc++.a(cp-demangle.o)
                0x08010c2c                __cxa_demangle
                0x08010cf0                __gcclibcxx_demangle_callback
 .text._ZN10__cxxabiv1L24__is_gxx_exception_classEPc
                0x08010d0c       0x3c c:/users/user/appdata/local/arduino15/packages/arduino/tools/arm-none-eabi-gcc/4.8.3-2014q1/bin/../lib/gcc/arm-none-eabi/4.8.3/../../../../arm-none-eabi/lib/armv7-m\libstdc++.a(eh_call.o)
 .text.__cxa_call_terminate
                0x08010d48       0x20 c:/users/user/appdata/local/arduino15/packages/arduino/tools/arm-none-eabi-gcc/4.8.3-2014q1/bin/../lib/gcc/arm-none-eabi/4.8.3/../../../../arm-none-eabi/lib/armv7-m\libstdc++.a(eh_call.o)
                0x08010d48                __cxa_call_terminate
 .text.__cxa_call_unexpected
                0x08010d68       0xd8 c:/users/user/appdata/local/arduino15/packages/arduino/tools/arm-none-eabi-gcc/4.8.3-2014q1/bin/../lib/gcc/arm-none-eabi/4.8.3/../../../../arm-none-eabi/lib/armv7-m\libstdc++.a(eh_call.o)
                0x08010d68                __cxa_call_unexpected
 .text._ZL12read_sleb128PKhPl
                0x08010e40       0x34 c:/users/user/appdata/local/arduino15/packages/arduino/tools/arm-none-eabi-gcc/4.8.3-2014q1/bin/../lib/gcc/arm-none-eabi/4.8.3/../../../../arm-none-eabi/lib/armv7-m\libstdc++.a(eh_personality.o)
 .text._ZL28read_encoded_value_with_basehjPKhPj
                0x08010e74       0xb0 c:/users/user/appdata/local/arduino15/packages/arduino/tools/arm-none-eabi-gcc/4.8.3-2014q1/bin/../lib/gcc/arm-none-eabi/4.8.3/../../../../arm-none-eabi/lib/armv7-m\libstdc++.a(eh_personality.o)
 .text._ZL21base_of_encoded_valuehP15_Unwind_Context
                0x08010f24       0x4c c:/users/user/appdata/local/arduino15/packages/arduino/tools/arm-none-eabi-gcc/4.8.3-2014q1/bin/../lib/gcc/arm-none-eabi/4.8.3/../../../../arm-none-eabi/lib/armv7-m\libstdc++.a(eh_personality.o)
 .text._ZL17parse_lsda_headerP15_Unwind_ContextPKhP16lsda_header_info
                0x08010f70       0x94 c:/users/user/appdata/local/arduino15/packages/arduino/tools/arm-none-eabi-gcc/4.8.3-2014q1/bin/../lib/gcc/arm-none-eabi/4.8.3/../../../../arm-none-eabi/lib/armv7-m\libstdc++.a(eh_personality.o)
 .text.__gxx_personality_v0